[debug] [2025-09-17T17:32:05.208Z] ----------------------------------------------------------------------
[debug] [2025-09-17T17:32:05.209Z] Command:       C:\nvm4w\nodejs\node.exe C:\nvm4w\nodejs\node_modules\firebase-tools\lib\bin\firebase.js deploy --only functions
[debug] [2025-09-17T17:32:05.209Z] CLI Version:   14.16.0
[debug] [2025-09-17T17:32:05.209Z] Platform:      win32
[debug] [2025-09-17T17:32:05.209Z] Node Version:  v22.19.0
[debug] [2025-09-17T17:32:05.210Z] Time:          Wed Sep 17 2025 12:32:05 GMT-0500 (Central Daylight Time)
[debug] [2025-09-17T17:32:05.210Z] ----------------------------------------------------------------------
[debug] 
[debug] [2025-09-17T17:32:05.307Z] > command requires scopes: ["email","openid","https://www.googleapis.com/auth/cloudplatformprojects.readonly","https://www.googleapis.com/auth/firebase","https://www.googleapis.com/auth/cloud-platform"]
[debug] [2025-09-17T17:32:05.307Z] > authorizing via signed-in user (barigasnacks@gmail.com)
[debug] [2025-09-17T17:32:05.307Z] [iam] checking project bariga-snacks-e2d80 for permissions ["cloudfunctions.functions.create","cloudfunctions.functions.delete","cloudfunctions.functions.get","cloudfunctions.functions.list","cloudfunctions.functions.update","cloudfunctions.operations.get","firebase.projects.get"]
[debug] [2025-09-17T17:32:05.308Z] Checked if tokens are valid: true, expires at: 1758133636124
[debug] [2025-09-17T17:32:05.308Z] Checked if tokens are valid: true, expires at: 1758133636124
[debug] [2025-09-17T17:32:05.308Z] >>> [apiv2][query] POST https://cloudresourcemanager.googleapis.com/v1/projects/bariga-snacks-e2d80:testIamPermissions [none]
[debug] [2025-09-17T17:32:05.309Z] >>> [apiv2][(partial)header] POST https://cloudresourcemanager.googleapis.com/v1/projects/bariga-snacks-e2d80:testIamPermissions x-goog-quota-user=projects/bariga-snacks-e2d80
[debug] [2025-09-17T17:32:05.309Z] >>> [apiv2][body] POST https://cloudresourcemanager.googleapis.com/v1/projects/bariga-snacks-e2d80:testIamPermissions {"permissions":["cloudfunctions.functions.create","cloudfunctions.functions.delete","cloudfunctions.functions.get","cloudfunctions.functions.list","cloudfunctions.functions.update","cloudfunctions.operations.get","firebase.projects.get"]}
[debug] [2025-09-17T17:32:05.526Z] <<< [apiv2][status] POST https://cloudresourcemanager.googleapis.com/v1/projects/bariga-snacks-e2d80:testIamPermissions 200
[debug] [2025-09-17T17:32:05.527Z] <<< [apiv2][body] POST https://cloudresourcemanager.googleapis.com/v1/projects/bariga-snacks-e2d80:testIamPermissions {"permissions":["cloudfunctions.functions.create","cloudfunctions.functions.delete","cloudfunctions.functions.get","cloudfunctions.functions.list","cloudfunctions.functions.update","cloudfunctions.operations.get","firebase.projects.get"]}
[debug] [2025-09-17T17:32:05.527Z] Checked if tokens are valid: true, expires at: 1758133636124
[debug] [2025-09-17T17:32:05.527Z] Checked if tokens are valid: true, expires at: 1758133636124
[debug] [2025-09-17T17:32:05.527Z] >>> [apiv2][query] POST https://iam.googleapis.com/v1/projects/bariga-snacks-e2d80/serviceAccounts/bariga-snacks-e2d80@appspot.gserviceaccount.com:testIamPermissions [none]
[debug] [2025-09-17T17:32:05.527Z] >>> [apiv2][body] POST https://iam.googleapis.com/v1/projects/bariga-snacks-e2d80/serviceAccounts/bariga-snacks-e2d80@appspot.gserviceaccount.com:testIamPermissions {"permissions":["iam.serviceAccounts.actAs"]}
[debug] [2025-09-17T17:32:05.739Z] <<< [apiv2][status] POST https://iam.googleapis.com/v1/projects/bariga-snacks-e2d80/serviceAccounts/bariga-snacks-e2d80@appspot.gserviceaccount.com:testIamPermissions 200
[debug] [2025-09-17T17:32:05.739Z] <<< [apiv2][body] POST https://iam.googleapis.com/v1/projects/bariga-snacks-e2d80/serviceAccounts/bariga-snacks-e2d80@appspot.gserviceaccount.com:testIamPermissions {"permissions":["iam.serviceAccounts.actAs"]}
[info] 
[info] === Deploying to 'bariga-snacks-e2d80'...
[info] 
[info] i  deploying functions 
[debug] [2025-09-17T17:32:05.742Z] Checked if tokens are valid: true, expires at: 1758133636124
[debug] [2025-09-17T17:32:05.743Z] Checked if tokens are valid: true, expires at: 1758133636124
[debug] [2025-09-17T17:32:05.743Z] >>> [apiv2][query] GET https://serviceusage.googleapis.com/v1/projects/bariga-snacks-e2d80/services/cloudresourcemanager.googleapis.com [none]
[debug] [2025-09-17T17:32:05.743Z] >>> [apiv2][(partial)header] GET https://serviceusage.googleapis.com/v1/projects/bariga-snacks-e2d80/services/cloudresourcemanager.googleapis.com x-goog-quota-user=projects/bariga-snacks-e2d80
[debug] [2025-09-17T17:32:06.113Z] <<< [apiv2][status] GET https://serviceusage.googleapis.com/v1/projects/bariga-snacks-e2d80/services/cloudresourcemanager.googleapis.com 200
[debug] [2025-09-17T17:32:06.113Z] <<< [apiv2][body] GET https://serviceusage.googleapis.com/v1/projects/bariga-snacks-e2d80/services/cloudresourcemanager.googleapis.com [omitted]
[debug] [2025-09-17T17:32:06.117Z] Checked if tokens are valid: true, expires at: 1758133636124
[debug] [2025-09-17T17:32:06.118Z] Checked if tokens are valid: true, expires at: 1758133636124
[debug] [2025-09-17T17:32:06.118Z] >>> [apiv2][query] GET https://cloudresourcemanager.googleapis.com/v1/projects/bariga-snacks-e2d80 [none]
[debug] [2025-09-17T17:32:06.261Z] <<< [apiv2][status] GET https://cloudresourcemanager.googleapis.com/v1/projects/bariga-snacks-e2d80 200
[debug] [2025-09-17T17:32:06.261Z] <<< [apiv2][body] GET https://cloudresourcemanager.googleapis.com/v1/projects/bariga-snacks-e2d80 {"projectNumber":"437211006119","projectId":"bariga-snacks-e2d80","lifecycleState":"ACTIVE","name":"Bariga Snacks","labels":{"firebase":"enabled"},"createTime":"2024-11-23T03:56:00.662579Z"}
[info] i  functions: preparing codebase default for deployment 
[info] i  functions: ensuring required API cloudfunctions.googleapis.com is enabled... 
[info] i  functions: ensuring required API cloudbuild.googleapis.com is enabled... 
[debug] [2025-09-17T17:32:06.262Z] Checked if tokens are valid: true, expires at: 1758133636124
[debug] [2025-09-17T17:32:06.262Z] Checked if tokens are valid: true, expires at: 1758133636124
[info] i  artifactregistry: ensuring required API artifactregistry.googleapis.com is enabled... 
[debug] [2025-09-17T17:32:06.262Z] Checked if tokens are valid: true, expires at: 1758133636124
[debug] [2025-09-17T17:32:06.262Z] Checked if tokens are valid: true, expires at: 1758133636124
[debug] [2025-09-17T17:32:06.262Z] >>> [apiv2][query] GET https://serviceusage.googleapis.com/v1/projects/bariga-snacks-e2d80/services/cloudbuild.googleapis.com [none]
[debug] [2025-09-17T17:32:06.262Z] >>> [apiv2][(partial)header] GET https://serviceusage.googleapis.com/v1/projects/bariga-snacks-e2d80/services/cloudbuild.googleapis.com x-goog-quota-user=projects/bariga-snacks-e2d80
[debug] [2025-09-17T17:32:06.263Z] >>> [apiv2][query] GET https://serviceusage.googleapis.com/v1/projects/bariga-snacks-e2d80/services/artifactregistry.googleapis.com [none]
[debug] [2025-09-17T17:32:06.263Z] >>> [apiv2][(partial)header] GET https://serviceusage.googleapis.com/v1/projects/bariga-snacks-e2d80/services/artifactregistry.googleapis.com x-goog-quota-user=projects/bariga-snacks-e2d80
[debug] [2025-09-17T17:32:06.751Z] <<< [apiv2][status] GET https://serviceusage.googleapis.com/v1/projects/bariga-snacks-e2d80/services/cloudbuild.googleapis.com 200
[debug] [2025-09-17T17:32:06.751Z] <<< [apiv2][body] GET https://serviceusage.googleapis.com/v1/projects/bariga-snacks-e2d80/services/cloudbuild.googleapis.com [omitted]
[warn] !  functions: missing required API cloudbuild.googleapis.com. Enabling now... 
[debug] [2025-09-17T17:32:06.751Z] Checked if tokens are valid: true, expires at: 1758133636124
[debug] [2025-09-17T17:32:06.751Z] Checked if tokens are valid: true, expires at: 1758133636124
[debug] [2025-09-17T17:32:06.751Z] >>> [apiv2][query] POST https://serviceusage.googleapis.com/v1/projects/bariga-snacks-e2d80/services/cloudbuild.googleapis.com:enable [none]
[debug] [2025-09-17T17:32:06.751Z] >>> [apiv2][(partial)header] POST https://serviceusage.googleapis.com/v1/projects/bariga-snacks-e2d80/services/cloudbuild.googleapis.com:enable x-goog-quota-user=projects/bariga-snacks-e2d80
[debug] [2025-09-17T17:32:06.755Z] <<< [apiv2][status] GET https://serviceusage.googleapis.com/v1/projects/bariga-snacks-e2d80/services/artifactregistry.googleapis.com 200
[debug] [2025-09-17T17:32:06.755Z] <<< [apiv2][body] GET https://serviceusage.googleapis.com/v1/projects/bariga-snacks-e2d80/services/artifactregistry.googleapis.com [omitted]
[warn] !  artifactregistry: missing required API artifactregistry.googleapis.com. Enabling now... 
[debug] [2025-09-17T17:32:06.755Z] Checked if tokens are valid: true, expires at: 1758133636124
[debug] [2025-09-17T17:32:06.756Z] Checked if tokens are valid: true, expires at: 1758133636124
[debug] [2025-09-17T17:32:06.756Z] >>> [apiv2][query] POST https://serviceusage.googleapis.com/v1/projects/bariga-snacks-e2d80/services/artifactregistry.googleapis.com:enable [none]
[debug] [2025-09-17T17:32:06.756Z] >>> [apiv2][(partial)header] POST https://serviceusage.googleapis.com/v1/projects/bariga-snacks-e2d80/services/artifactregistry.googleapis.com:enable x-goog-quota-user=projects/bariga-snacks-e2d80
[debug] [2025-09-17T17:32:07.347Z] <<< [apiv2][status] POST https://serviceusage.googleapis.com/v1/projects/bariga-snacks-e2d80/services/cloudbuild.googleapis.com:enable 200
[debug] [2025-09-17T17:32:07.347Z] <<< [apiv2][body] POST https://serviceusage.googleapis.com/v1/projects/bariga-snacks-e2d80/services/cloudbuild.googleapis.com:enable [omitted]
[debug] [2025-09-17T17:32:07.523Z] <<< [apiv2][status] POST https://serviceusage.googleapis.com/v1/projects/bariga-snacks-e2d80/services/artifactregistry.googleapis.com:enable 200
[debug] [2025-09-17T17:32:07.523Z] <<< [apiv2][body] POST https://serviceusage.googleapis.com/v1/projects/bariga-snacks-e2d80/services/artifactregistry.googleapis.com:enable [omitted]
[debug] [2025-09-17T17:32:17.527Z] Checked if tokens are valid: true, expires at: 1758133636124
[debug] [2025-09-17T17:32:17.527Z] Checked if tokens are valid: true, expires at: 1758133636124
[debug] [2025-09-17T17:32:17.527Z] >>> [apiv2][query] GET https://firebase.googleapis.com/v1beta1/projects/bariga-snacks-e2d80/adminSdkConfig [none]
[debug] [2025-09-17T17:32:17.857Z] <<< [apiv2][status] GET https://firebase.googleapis.com/v1beta1/projects/bariga-snacks-e2d80/adminSdkConfig 200
[debug] [2025-09-17T17:32:17.857Z] <<< [apiv2][body] GET https://firebase.googleapis.com/v1beta1/projects/bariga-snacks-e2d80/adminSdkConfig {"projectId":"bariga-snacks-e2d80","storageBucket":"bariga-snacks-e2d80.firebasestorage.app"}
[debug] [2025-09-17T17:32:17.857Z] Checked if tokens are valid: true, expires at: 1758133636124
[debug] [2025-09-17T17:32:17.857Z] Checked if tokens are valid: true, expires at: 1758133636124
[debug] [2025-09-17T17:32:17.857Z] >>> [apiv2][query] GET https://runtimeconfig.googleapis.com/v1beta1/projects/bariga-snacks-e2d80/configs [none]
[debug] [2025-09-17T17:32:18.218Z] <<< [apiv2][status] GET https://runtimeconfig.googleapis.com/v1beta1/projects/bariga-snacks-e2d80/configs 200
[debug] [2025-09-17T17:32:18.218Z] <<< [apiv2][body] GET https://runtimeconfig.googleapis.com/v1beta1/projects/bariga-snacks-e2d80/configs {}
[debug] [2025-09-17T17:32:18.219Z] Validating nodejs source
[debug] [2025-09-17T17:32:18.806Z] > [functions] package.json contents: {
  "name": "functions",
  "description": "Cloud Functions for Firebase",
  "scripts": {
    "serve": "firebase emulators:start --only functions",
    "shell": "firebase functions:shell",
    "start": "npm run shell",
    "deploy": "firebase deploy --only functions",
    "logs": "firebase functions:log"
  },
  "engines": {
    "node": "22"
  },
  "main": "index.js",
  "dependencies": {
    "firebase-admin": "^12.6.0",
    "firebase-functions": "^6.0.1"
  },
  "devDependencies": {
    "firebase-functions-test": "^3.1.0"
  },
  "private": true
}
[debug] [2025-09-17T17:32:18.806Z] Building nodejs source
[info] i  functions: Loading and analyzing source code for codebase default to determine what to deploy 
[debug] [2025-09-17T17:32:18.807Z] Could not find functions.yaml. Must use http discovery
[debug] [2025-09-17T17:32:18.813Z] Found firebase-functions binary at 'C:\Users\yehor\Bariga\functions\node_modules\.bin\firebase-functions'
[info] Serving at port 8960

[debug] [2025-09-17T17:32:20.475Z] Got response from /__/functions.yaml {"endpoints":{"checkUserPassword":{"availableMemoryMb":null,"timeoutSeconds":null,"minInstances":null,"maxInstances":null,"ingressSettings":null,"concurrency":null,"serviceAccountEmail":null,"vpc":null,"platform":"gcfv2","labels":{},"callableTrigger":{},"entryPoint":"checkUserPassword"}},"specVersion":"v1alpha1","requiredAPIs":[],"extensions":{}}
[info] i  extensions: ensuring required API firebaseextensions.googleapis.com is enabled... 
[debug] [2025-09-17T17:32:24.495Z] Checked if tokens are valid: true, expires at: 1758133636124
[debug] [2025-09-17T17:32:24.495Z] Checked if tokens are valid: true, expires at: 1758133636124
[debug] [2025-09-17T17:32:24.495Z] >>> [apiv2][query] GET https://serviceusage.googleapis.com/v1/projects/bariga-snacks-e2d80/services/firebaseextensions.googleapis.com [none]
[debug] [2025-09-17T17:32:24.495Z] >>> [apiv2][(partial)header] GET https://serviceusage.googleapis.com/v1/projects/bariga-snacks-e2d80/services/firebaseextensions.googleapis.com x-goog-quota-user=projects/bariga-snacks-e2d80
[debug] [2025-09-17T17:32:24.859Z] <<< [apiv2][status] GET https://serviceusage.googleapis.com/v1/projects/bariga-snacks-e2d80/services/firebaseextensions.googleapis.com 200
[debug] [2025-09-17T17:32:24.859Z] <<< [apiv2][body] GET https://serviceusage.googleapis.com/v1/projects/bariga-snacks-e2d80/services/firebaseextensions.googleapis.com [omitted]
[info] +  extensions: required API firebaseextensions.googleapis.com is enabled 
[debug] [2025-09-17T17:32:24.862Z] > command requires scopes: ["email","openid","https://www.googleapis.com/auth/cloudplatformprojects.readonly","https://www.googleapis.com/auth/firebase","https://www.googleapis.com/auth/cloud-platform"]
[debug] [2025-09-17T17:32:24.862Z] > authorizing via signed-in user (barigasnacks@gmail.com)
[debug] [2025-09-17T17:32:24.862Z] [iam] checking project bariga-snacks-e2d80 for permissions ["firebase.projects.get","firebaseextensions.instances.list"]
[debug] [2025-09-17T17:32:24.862Z] Checked if tokens are valid: true, expires at: 1758133636124
[debug] [2025-09-17T17:32:24.862Z] Checked if tokens are valid: true, expires at: 1758133636124
[debug] [2025-09-17T17:32:24.862Z] >>> [apiv2][query] POST https://cloudresourcemanager.googleapis.com/v1/projects/bariga-snacks-e2d80:testIamPermissions [none]
[debug] [2025-09-17T17:32:24.862Z] >>> [apiv2][(partial)header] POST https://cloudresourcemanager.googleapis.com/v1/projects/bariga-snacks-e2d80:testIamPermissions x-goog-quota-user=projects/bariga-snacks-e2d80
[debug] [2025-09-17T17:32:24.862Z] >>> [apiv2][body] POST https://cloudresourcemanager.googleapis.com/v1/projects/bariga-snacks-e2d80:testIamPermissions {"permissions":["firebase.projects.get","firebaseextensions.instances.list"]}
[debug] [2025-09-17T17:32:25.002Z] <<< [apiv2][status] POST https://cloudresourcemanager.googleapis.com/v1/projects/bariga-snacks-e2d80:testIamPermissions 200
[debug] [2025-09-17T17:32:25.002Z] <<< [apiv2][body] POST https://cloudresourcemanager.googleapis.com/v1/projects/bariga-snacks-e2d80:testIamPermissions {"permissions":["firebase.projects.get","firebaseextensions.instances.list"]}
[debug] [2025-09-17T17:32:25.002Z] Checked if tokens are valid: true, expires at: 1758133636124
[debug] [2025-09-17T17:32:25.002Z] Checked if tokens are valid: true, expires at: 1758133636124
[debug] [2025-09-17T17:32:25.002Z] >>> [apiv2][query] GET https://firebaseextensions.googleapis.com/v1beta/projects/bariga-snacks-e2d80/instances pageSize=100&pageToken=
[debug] [2025-09-17T17:32:26.444Z] <<< [apiv2][status] GET https://firebaseextensions.googleapis.com/v1beta/projects/bariga-snacks-e2d80/instances 200
[debug] [2025-09-17T17:32:26.444Z] <<< [apiv2][body] GET https://firebaseextensions.googleapis.com/v1beta/projects/bariga-snacks-e2d80/instances {}
[info] i  functions: preparing functions directory for uploading... 
[info] i  functions: packaged C:\Users\yehor\Bariga\functions (69.26 KB) for uploading 
[debug] [2025-09-17T17:32:26.463Z] Checked if tokens are valid: true, expires at: 1758133636124
[debug] [2025-09-17T17:32:26.463Z] Checked if tokens are valid: true, expires at: 1758133636124
[debug] [2025-09-17T17:32:26.463Z] >>> [apiv2][query] GET https://cloudfunctions.googleapis.com/v1/projects/bariga-snacks-e2d80/locations/-/functions [none]
[debug] [2025-09-17T17:32:27.086Z] <<< [apiv2][status] GET https://cloudfunctions.googleapis.com/v1/projects/bariga-snacks-e2d80/locations/-/functions 200
[debug] [2025-09-17T17:32:27.086Z] <<< [apiv2][body] GET https://cloudfunctions.googleapis.com/v1/projects/bariga-snacks-e2d80/locations/-/functions {}
[debug] [2025-09-17T17:32:27.086Z] Checked if tokens are valid: true, expires at: 1758133636124
[debug] [2025-09-17T17:32:27.086Z] Checked if tokens are valid: true, expires at: 1758133636124
[debug] [2025-09-17T17:32:27.086Z] >>> [apiv2][query] GET https://cloudfunctions.googleapis.com/v2/projects/bariga-snacks-e2d80/locations/-/functions filter=environment%3D%22GEN_2%22
[debug] [2025-09-17T17:32:27.594Z] <<< [apiv2][status] GET https://cloudfunctions.googleapis.com/v2/projects/bariga-snacks-e2d80/locations/-/functions 200
[debug] [2025-09-17T17:32:27.594Z] <<< [apiv2][body] GET https://cloudfunctions.googleapis.com/v2/projects/bariga-snacks-e2d80/locations/-/functions {}
[info] i  functions: ensuring required API run.googleapis.com is enabled... 
[debug] [2025-09-17T17:32:27.595Z] Checked if tokens are valid: true, expires at: 1758133636124
[debug] [2025-09-17T17:32:27.595Z] Checked if tokens are valid: true, expires at: 1758133636124
[info] i  functions: ensuring required API eventarc.googleapis.com is enabled... 
[debug] [2025-09-17T17:32:27.595Z] Checked if tokens are valid: true, expires at: 1758133636124
[debug] [2025-09-17T17:32:27.595Z] Checked if tokens are valid: true, expires at: 1758133636124
[info] i  functions: ensuring required API pubsub.googleapis.com is enabled... 
[debug] [2025-09-17T17:32:27.596Z] Checked if tokens are valid: true, expires at: 1758133636124
[debug] [2025-09-17T17:32:27.596Z] Checked if tokens are valid: true, expires at: 1758133636124
[info] i  functions: ensuring required API storage.googleapis.com is enabled... 
[debug] [2025-09-17T17:32:27.596Z] Checked if tokens are valid: true, expires at: 1758133636124
[debug] [2025-09-17T17:32:27.596Z] Checked if tokens are valid: true, expires at: 1758133636124
[debug] [2025-09-17T17:32:27.596Z] >>> [apiv2][query] GET https://serviceusage.googleapis.com/v1/projects/437211006119/services/run.googleapis.com [none]
[debug] [2025-09-17T17:32:27.596Z] >>> [apiv2][(partial)header] GET https://serviceusage.googleapis.com/v1/projects/437211006119/services/run.googleapis.com x-goog-quota-user=projects/437211006119
[debug] [2025-09-17T17:32:27.596Z] >>> [apiv2][query] GET https://serviceusage.googleapis.com/v1/projects/437211006119/services/eventarc.googleapis.com [none]
[debug] [2025-09-17T17:32:27.596Z] >>> [apiv2][(partial)header] GET https://serviceusage.googleapis.com/v1/projects/437211006119/services/eventarc.googleapis.com x-goog-quota-user=projects/437211006119
[debug] [2025-09-17T17:32:27.597Z] >>> [apiv2][query] GET https://serviceusage.googleapis.com/v1/projects/437211006119/services/pubsub.googleapis.com [none]
[debug] [2025-09-17T17:32:27.597Z] >>> [apiv2][(partial)header] GET https://serviceusage.googleapis.com/v1/projects/437211006119/services/pubsub.googleapis.com x-goog-quota-user=projects/437211006119
[debug] [2025-09-17T17:32:27.597Z] >>> [apiv2][query] GET https://serviceusage.googleapis.com/v1/projects/437211006119/services/storage.googleapis.com [none]
[debug] [2025-09-17T17:32:27.597Z] >>> [apiv2][(partial)header] GET https://serviceusage.googleapis.com/v1/projects/437211006119/services/storage.googleapis.com x-goog-quota-user=projects/437211006119
[debug] [2025-09-17T17:32:28.013Z] <<< [apiv2][status] GET https://serviceusage.googleapis.com/v1/projects/437211006119/services/run.googleapis.com 200
[debug] [2025-09-17T17:32:28.013Z] <<< [apiv2][body] GET https://serviceusage.googleapis.com/v1/projects/437211006119/services/run.googleapis.com [omitted]
[warn] !  functions: missing required API run.googleapis.com. Enabling now... 
[debug] [2025-09-17T17:32:28.013Z] Checked if tokens are valid: true, expires at: 1758133636124
[debug] [2025-09-17T17:32:28.013Z] Checked if tokens are valid: true, expires at: 1758133636124
[debug] [2025-09-17T17:32:28.013Z] >>> [apiv2][query] POST https://serviceusage.googleapis.com/v1/projects/437211006119/services/run.googleapis.com:enable [none]
[debug] [2025-09-17T17:32:28.013Z] >>> [apiv2][(partial)header] POST https://serviceusage.googleapis.com/v1/projects/437211006119/services/run.googleapis.com:enable x-goog-quota-user=projects/437211006119
[debug] [2025-09-17T17:32:28.014Z] <<< [apiv2][status] GET https://serviceusage.googleapis.com/v1/projects/437211006119/services/eventarc.googleapis.com 200
[debug] [2025-09-17T17:32:28.014Z] <<< [apiv2][body] GET https://serviceusage.googleapis.com/v1/projects/437211006119/services/eventarc.googleapis.com [omitted]
[warn] !  functions: missing required API eventarc.googleapis.com. Enabling now... 
[debug] [2025-09-17T17:32:28.014Z] Checked if tokens are valid: true, expires at: 1758133636124
[debug] [2025-09-17T17:32:28.015Z] Checked if tokens are valid: true, expires at: 1758133636124
[debug] [2025-09-17T17:32:28.015Z] >>> [apiv2][query] POST https://serviceusage.googleapis.com/v1/projects/437211006119/services/eventarc.googleapis.com:enable [none]
[debug] [2025-09-17T17:32:28.015Z] >>> [apiv2][(partial)header] POST https://serviceusage.googleapis.com/v1/projects/437211006119/services/eventarc.googleapis.com:enable x-goog-quota-user=projects/437211006119
[debug] [2025-09-17T17:32:28.022Z] <<< [apiv2][status] GET https://serviceusage.googleapis.com/v1/projects/437211006119/services/pubsub.googleapis.com 200
[debug] [2025-09-17T17:32:28.022Z] <<< [apiv2][body] GET https://serviceusage.googleapis.com/v1/projects/437211006119/services/pubsub.googleapis.com [omitted]
[info] +  functions: required API pubsub.googleapis.com is enabled 
[debug] [2025-09-17T17:32:28.118Z] <<< [apiv2][status] GET https://serviceusage.googleapis.com/v1/projects/437211006119/services/storage.googleapis.com 200
[debug] [2025-09-17T17:32:28.118Z] <<< [apiv2][body] GET https://serviceusage.googleapis.com/v1/projects/437211006119/services/storage.googleapis.com [omitted]
[info] +  functions: required API storage.googleapis.com is enabled 
[debug] [2025-09-17T17:32:28.553Z] <<< [apiv2][status] POST https://serviceusage.googleapis.com/v1/projects/437211006119/services/run.googleapis.com:enable 200
[debug] [2025-09-17T17:32:28.553Z] <<< [apiv2][body] POST https://serviceusage.googleapis.com/v1/projects/437211006119/services/run.googleapis.com:enable [omitted]
[debug] [2025-09-17T17:32:28.576Z] <<< [apiv2][status] POST https://serviceusage.googleapis.com/v1/projects/437211006119/services/eventarc.googleapis.com:enable 200
[debug] [2025-09-17T17:32:28.576Z] <<< [apiv2][body] POST https://serviceusage.googleapis.com/v1/projects/437211006119/services/eventarc.googleapis.com:enable [omitted]
[info] i  functions: generating the service identity for pubsub.googleapis.com... 
[debug] [2025-09-17T17:32:38.592Z] Checked if tokens are valid: true, expires at: 1758133636124
[debug] [2025-09-17T17:32:38.592Z] Checked if tokens are valid: true, expires at: 1758133636124
[info] i  functions: generating the service identity for eventarc.googleapis.com... 
[debug] [2025-09-17T17:32:38.592Z] Checked if tokens are valid: true, expires at: 1758133636124
[debug] [2025-09-17T17:32:38.592Z] Checked if tokens are valid: true, expires at: 1758133636124
[debug] [2025-09-17T17:32:38.592Z] >>> [apiv2][query] POST https://serviceusage.googleapis.com/v1beta1/projects/437211006119/services/pubsub.googleapis.com:generateServiceIdentity [none]
[debug] [2025-09-17T17:32:38.593Z] >>> [apiv2][(partial)header] POST https://serviceusage.googleapis.com/v1beta1/projects/437211006119/services/pubsub.googleapis.com:generateServiceIdentity x-goog-quota-user=projects/437211006119
[debug] [2025-09-17T17:32:38.593Z] >>> [apiv2][body] POST https://serviceusage.googleapis.com/v1beta1/projects/437211006119/services/pubsub.googleapis.com:generateServiceIdentity {}
[debug] [2025-09-17T17:32:38.593Z] >>> [apiv2][query] POST https://serviceusage.googleapis.com/v1beta1/projects/437211006119/services/eventarc.googleapis.com:generateServiceIdentity [none]
[debug] [2025-09-17T17:32:38.593Z] >>> [apiv2][(partial)header] POST https://serviceusage.googleapis.com/v1beta1/projects/437211006119/services/eventarc.googleapis.com:generateServiceIdentity x-goog-quota-user=projects/437211006119
[debug] [2025-09-17T17:32:38.593Z] >>> [apiv2][body] POST https://serviceusage.googleapis.com/v1beta1/projects/437211006119/services/eventarc.googleapis.com:generateServiceIdentity {}
[debug] [2025-09-17T17:32:39.162Z] <<< [apiv2][status] POST https://serviceusage.googleapis.com/v1beta1/projects/437211006119/services/eventarc.googleapis.com:generateServiceIdentity 200
[debug] [2025-09-17T17:32:39.162Z] <<< [apiv2][body] POST https://serviceusage.googleapis.com/v1beta1/projects/437211006119/services/eventarc.googleapis.com:generateServiceIdentity {"name":"operations/finished.DONE_OPERATION","done":true,"response":{"@type":"type.googleapis.com/google.api.serviceusage.v1beta1.ServiceIdentity","email":"service-437211006119@gcp-sa-eventarc.iam.gserviceaccount.com","uniqueId":"114976638218059690600"}}
[debug] [2025-09-17T17:32:39.226Z] <<< [apiv2][status] POST https://serviceusage.googleapis.com/v1beta1/projects/437211006119/services/pubsub.googleapis.com:generateServiceIdentity 200
[debug] [2025-09-17T17:32:39.226Z] <<< [apiv2][body] POST https://serviceusage.googleapis.com/v1beta1/projects/437211006119/services/pubsub.googleapis.com:generateServiceIdentity {"name":"operations/finished.DONE_OPERATION","done":true,"response":{"@type":"type.googleapis.com/google.api.serviceusage.v1beta1.ServiceIdentity","email":"service-437211006119@gcp-sa-pubsub.iam.gserviceaccount.com","uniqueId":"105595883620787696095"}}
[debug] [2025-09-17T17:32:39.227Z] Checked if tokens are valid: true, expires at: 1758133636124
[debug] [2025-09-17T17:32:39.227Z] Checked if tokens are valid: true, expires at: 1758133636124
[debug] [2025-09-17T17:32:39.227Z] >>> [apiv2][query] GET https://cloudresourcemanager.googleapis.com/v1/projects/bariga-snacks-e2d80 [none]
[debug] [2025-09-17T17:32:39.448Z] <<< [apiv2][status] GET https://cloudresourcemanager.googleapis.com/v1/projects/bariga-snacks-e2d80 200
[debug] [2025-09-17T17:32:39.448Z] <<< [apiv2][body] GET https://cloudresourcemanager.googleapis.com/v1/projects/bariga-snacks-e2d80 {"projectNumber":"437211006119","projectId":"bariga-snacks-e2d80","lifecycleState":"ACTIVE","name":"Bariga Snacks","labels":{"firebase":"enabled"},"createTime":"2024-11-23T03:56:00.662579Z"}
[debug] [2025-09-17T17:32:39.448Z] Checked if tokens are valid: true, expires at: 1758133636124
[debug] [2025-09-17T17:32:39.448Z] Checked if tokens are valid: true, expires at: 1758133636124
[debug] [2025-09-17T17:32:39.448Z] >>> [apiv2][query] GET https://compute.googleapis.com/compute/v1/projects/437211006119 [none]
[debug] [2025-09-17T17:32:39.590Z] <<< [apiv2][status] GET https://compute.googleapis.com/compute/v1/projects/437211006119 403
[debug] [2025-09-17T17:32:39.590Z] <<< [apiv2][body] GET https://compute.googleapis.com/compute/v1/projects/437211006119 {"error":{"code":403,"message":"Compute Engine API has not been used in project 437211006119 before or it is disabled. Enable it by visiting https://console.developers.google.com/apis/api/compute.googleapis.com/overview?project=437211006119 then retry. If you enabled this API recently, wait a few minutes for the action to propagate to our systems and retry.","errors":[{"message":"Compute Engine API has not been used in project 437211006119 before or it is disabled. Enable it by visiting https://console.developers.google.com/apis/api/compute.googleapis.com/overview?project=437211006119 then retry. If you enabled this API recently, wait a few minutes for the action to propagate to our systems and retry.","domain":"usageLimits","reason":"accessNotConfigured","extendedHelp":"https://console.developers.google.com"}],"status":"PERMISSION_DENIED","details":[{"@type":"type.googleapis.com/google.rpc.ErrorInfo","reason":"SERVICE_DISABLED","domain":"googleapis.com","metadata":{"service":"compute.googleapis.com","activationUrl":"https://console.developers.google.com/apis/api/compute.googleapis.com/overview?project=437211006119","serviceTitle":"Compute Engine API","consumer":"projects/437211006119","containerInfo":"437211006119"}},{"@type":"type.googleapis.com/google.rpc.LocalizedMessage","locale":"en-US","message":"Compute Engine API has not been used in project 437211006119 before or it is disabled. Enable it by visiting https://console.developers.google.com/apis/api/compute.googleapis.com/overview?project=437211006119 then retry. If you enabled this API recently, wait a few minutes for the action to propagate to our systems and retry."},{"@type":"type.googleapis.com/google.rpc.Help","links":[{"description":"Google developers console API activation","url":"https://console.developers.google.com/apis/api/compute.googleapis.com/overview?project=437211006119"}]}]}}
[debug] [2025-09-17T17:32:39.590Z] unable to look up default compute service account. Falling back to 437211006119-compute@developer.gserviceaccount.com. Error: {"name":"FirebaseError","children":[],"context":{"body":{"error":{"code":403,"message":"Compute Engine API has not been used in project 437211006119 before or it is disabled. Enable it by visiting https://console.developers.google.com/apis/api/compute.googleapis.com/overview?project=437211006119 then retry. If you enabled this API recently, wait a few minutes for the action to propagate to our systems and retry.","errors":[{"message":"Compute Engine API has not been used in project 437211006119 before or it is disabled. Enable it by visiting https://console.developers.google.com/apis/api/compute.googleapis.com/overview?project=437211006119 then retry. If you enabled this API recently, wait a few minutes for the action to propagate to our systems and retry.","domain":"usageLimits","reason":"accessNotConfigured","extendedHelp":"https://console.developers.google.com"}],"status":"PERMISSION_DENIED","details":[{"@type":"type.googleapis.com/google.rpc.ErrorInfo","reason":"SERVICE_DISABLED","domain":"googleapis.com","metadata":{"service":"compute.googleapis.com","activationUrl":"https://console.developers.google.com/apis/api/compute.googleapis.com/overview?project=437211006119","serviceTitle":"Compute Engine API","consumer":"projects/437211006119","containerInfo":"437211006119"}},{"@type":"type.googleapis.com/google.rpc.LocalizedMessage","locale":"en-US","message":"Compute Engine API has not been used in project 437211006119 before or it is disabled. Enable it by visiting https://console.developers.google.com/apis/api/compute.googleapis.com/overview?project=437211006119 then retry. If you enabled this API recently, wait a few minutes for the action to propagate to our systems and retry."},{"@type":"type.googleapis.com/google.rpc.Help","links":[{"description":"Google developers console API activation","url":"https://console.developers.google.com/apis/api/compute.googleapis.com/overview?project=437211006119"}]}]}},"response":{"statusCode":403}},"exit":1,"message":"Request to https://compute.googleapis.com/compute/v1/projects/437211006119 had HTTP Error: 403, Compute Engine API has not been used in project 437211006119 before or it is disabled. Enable it by visiting https://console.developers.google.com/apis/api/compute.googleapis.com/overview?project=437211006119 then retry. If you enabled this API recently, wait a few minutes for the action to propagate to our systems and retry.","status":403}
[debug] [2025-09-17T17:32:39.591Z] Checked if tokens are valid: true, expires at: 1758133636124
[debug] [2025-09-17T17:32:39.591Z] Checked if tokens are valid: true, expires at: 1758133636124
[debug] [2025-09-17T17:32:39.591Z] >>> [apiv2][query] GET https://cloudbilling.googleapis.com/v1/projects/bariga-snacks-e2d80/billingInfo [none]
[debug] [2025-09-17T17:32:39.824Z] <<< [apiv2][status] GET https://cloudbilling.googleapis.com/v1/projects/bariga-snacks-e2d80/billingInfo 200
[debug] [2025-09-17T17:32:39.824Z] <<< [apiv2][body] GET https://cloudbilling.googleapis.com/v1/projects/bariga-snacks-e2d80/billingInfo {"name":"projects/bariga-snacks-e2d80/billingInfo","projectId":"bariga-snacks-e2d80","billingAccountName":"billingAccounts/0184E1-A39D8A-88435D","billingEnabled":true}
[debug] [2025-09-17T17:32:39.825Z] Checked if tokens are valid: true, expires at: 1758133636124
[debug] [2025-09-17T17:32:39.825Z] Checked if tokens are valid: true, expires at: 1758133636124
[debug] [2025-09-17T17:32:39.825Z] >>> [apiv2][query] POST https://cloudfunctions.googleapis.com/v2/projects/bariga-snacks-e2d80/locations/us-central1/functions:generateUploadUrl [none]
[debug] [2025-09-17T17:32:41.224Z] <<< [apiv2][status] POST https://cloudfunctions.googleapis.com/v2/projects/bariga-snacks-e2d80/locations/us-central1/functions:generateUploadUrl 200
[debug] [2025-09-17T17:32:41.224Z] <<< [apiv2][body] POST https://cloudfunctions.googleapis.com/v2/projects/bariga-snacks-e2d80/locations/us-central1/functions:generateUploadUrl {"uploadUrl":"https://storage.googleapis.com/gcf-v2-uploads-437211006119.us-central1.cloudfunctions.appspot.com/03f4230c-de9d-4a52-9dc4-b2690f4bd8d5.zip?GoogleAccessId=service-437211006119@gcf-admin-robot.iam.gserviceaccount.com&Expires=1758132161&Signature=fsPW0suDbJWWsuCGPZGWR9xe4oHx7YG%2BDtiM58uIIwIzKNUIVxpMiQpz4exaln9kJRKUZRUcK0quRwpbU5HzwImTYHXHZLAewh463bU1MJMh6RdVFv%2Fd3B0xGpJVVwtgADuSnq%2BAhfQRLLIdbwq91XXcgd03b9WPKX18v6T%2BwA9aQ6MnEj8T57Y%2BjGAyadGLbfv2s%2BqTEkAsFLodOC%2BI3bcqhFwU4kzqKQSdFhTVedTCMrMUnuzV2xrhfpWCvxX%2BxoG5HmWxV%2FTOWfx36lGex78kgOUo5iG5jou%2F5%2BoSTreRxMG6vnQmtRYpf9fEdAFPLd5%2BxOHxZx0QkST%2FWVHmoQ%3D%3D","storageSource":{"bucket":"gcf-v2-uploads-437211006119.us-central1.cloudfunctions.appspot.com","object":"03f4230c-de9d-4a52-9dc4-b2690f4bd8d5.zip"}}
[debug] [2025-09-17T17:32:41.224Z] >>> [apiv2][query] PUT https://storage.googleapis.com/gcf-v2-uploads-437211006119.us-central1.cloudfunctions.appspot.com/03f4230c-de9d-4a52-9dc4-b2690f4bd8d5.zip GoogleAccessId=service-437211006119%40gcf-admin-robot.iam.gserviceaccount.com&Expires=1758132161&Signature=fsPW0suDbJWWsuCGPZGWR9xe4oHx7YG%2BDtiM58uIIwIzKNUIVxpMiQpz4exaln9kJRKUZRUcK0quRwpbU5HzwImTYHXHZLAewh463bU1MJMh6RdVFv%2Fd3B0xGpJVVwtgADuSnq%2BAhfQRLLIdbwq91XXcgd03b9WPKX18v6T%2BwA9aQ6MnEj8T57Y%2BjGAyadGLbfv2s%2BqTEkAsFLodOC%2BI3bcqhFwU4kzqKQSdFhTVedTCMrMUnuzV2xrhfpWCvxX%2BxoG5HmWxV%2FTOWfx36lGex78kgOUo5iG5jou%2F5%2BoSTreRxMG6vnQmtRYpf9fEdAFPLd5%2BxOHxZx0QkST%2FWVHmoQ%3D%3D
[debug] [2025-09-17T17:32:41.224Z] >>> [apiv2][body] PUT https://storage.googleapis.com/gcf-v2-uploads-437211006119.us-central1.cloudfunctions.appspot.com/03f4230c-de9d-4a52-9dc4-b2690f4bd8d5.zip [stream]
[debug] [2025-09-17T17:32:41.508Z] <<< [apiv2][status] PUT https://storage.googleapis.com/gcf-v2-uploads-437211006119.us-central1.cloudfunctions.appspot.com/03f4230c-de9d-4a52-9dc4-b2690f4bd8d5.zip 200
[debug] [2025-09-17T17:32:41.508Z] <<< [apiv2][body] PUT https://storage.googleapis.com/gcf-v2-uploads-437211006119.us-central1.cloudfunctions.appspot.com/03f4230c-de9d-4a52-9dc4-b2690f4bd8d5.zip [omitted]
[info] +  functions: functions source uploaded successfully 
[info] i  functions: creating Node.js 22 (2nd Gen) function checkUserPassword(us-central1)... 
[debug] [2025-09-17T17:32:41.510Z] Checked if tokens are valid: true, expires at: 1758133636124
[debug] [2025-09-17T17:32:41.510Z] Checked if tokens are valid: true, expires at: 1758133636124
[debug] [2025-09-17T17:32:41.510Z] >>> [apiv2][query] POST https://cloudfunctions.googleapis.com/v2/projects/bariga-snacks-e2d80/locations/us-central1/functions functionId=checkUserPassword
[debug] [2025-09-17T17:32:41.510Z] >>> [apiv2][body] POST https://cloudfunctions.googleapis.com/v2/projects/bariga-snacks-e2d80/locations/us-central1/functions {"name":"projects/bariga-snacks-e2d80/locations/us-central1/functions/checkUserPassword","buildConfig":{"runtime":"nodejs22","entryPoint":"checkUserPassword","source":{"storageSource":{"bucket":"gcf-v2-uploads-437211006119.us-central1.cloudfunctions.appspot.com","object":"03f4230c-de9d-4a52-9dc4-b2690f4bd8d5.zip"}},"environmentVariables":{"GOOGLE_NODE_RUN_SCRIPTS":""}},"serviceConfig":{"environmentVariables":{"FIREBASE_CONFIG":"{\"projectId\":\"bariga-snacks-e2d80\",\"storageBucket\":\"bariga-snacks-e2d80.firebasestorage.app\"}","GCLOUD_PROJECT":"bariga-snacks-e2d80","EVENTARC_CLOUD_EVENT_SOURCE":"projects/bariga-snacks-e2d80/locations/us-central1/services/checkUserPassword","FUNCTION_TARGET":"checkUserPassword","LOG_EXECUTION_ID":"true"},"ingressSettings":null,"timeoutSeconds":null,"serviceAccountEmail":null,"availableMemory":"256Mi","minInstanceCount":null,"maxInstanceCount":null,"maxInstanceRequestConcurrency":80,"availableCpu":"1","vpcConnector":null,"vpcConnectorEgressSettings":null},"labels":{"deployment-tool":"cli-firebase","deployment-callable":"true","firebase-functions-hash":"86435f742b41772be44a21cb602e0df7818f315e"}}
[debug] [2025-09-17T17:32:42.898Z] <<< [apiv2][status] POST https://cloudfunctions.googleapis.com/v2/projects/bariga-snacks-e2d80/locations/us-central1/functions 200
[debug] [2025-09-17T17:32:42.898Z] <<< [apiv2][body] POST https://cloudfunctions.googleapis.com/v2/projects/bariga-snacks-e2d80/locations/us-central1/functions {"name":"projects/bariga-snacks-e2d80/locations/us-central1/operations/operation-1758130362146-63f029fb46086-2fc1cb74-c1ae3113","metadata":{"@type":"type.googleapis.com/google.cloud.functions.v2.OperationMetadata","createTime":"2025-09-17T17:32:43.305867519Z","target":"projects/bariga-snacks-e2d80/locations/us-central1/functions/checkUserPassword","verb":"create","cancelRequested":false,"apiVersion":"v2"},"done":false}
[debug] [2025-09-17T17:32:42.899Z] Checked if tokens are valid: true, expires at: 1758133636124
[debug] [2025-09-17T17:32:42.899Z] Checked if tokens are valid: true, expires at: 1758133636124
[debug] [2025-09-17T17:32:42.899Z] >>> [apiv2][query] GET https://cloudfunctions.googleapis.com/v2/projects/bariga-snacks-e2d80/locations/us-central1/operations/operation-1758130362146-63f029fb46086-2fc1cb74-c1ae3113 [none]
[debug] [2025-09-17T17:32:43.101Z] <<< [apiv2][status] GET https://cloudfunctions.googleapis.com/v2/projects/bariga-snacks-e2d80/locations/us-central1/operations/operation-1758130362146-63f029fb46086-2fc1cb74-c1ae3113 200
[debug] [2025-09-17T17:32:43.101Z] <<< [apiv2][body] GET https://cloudfunctions.googleapis.com/v2/projects/bariga-snacks-e2d80/locations/us-central1/operations/operation-1758130362146-63f029fb46086-2fc1cb74-c1ae3113 {"name":"projects/bariga-snacks-e2d80/locations/us-central1/operations/operation-1758130362146-63f029fb46086-2fc1cb74-c1ae3113","metadata":{"@type":"type.googleapis.com/google.cloud.functions.v2.OperationMetadata","createTime":"2025-09-17T17:32:43.305867519Z","target":"projects/bariga-snacks-e2d80/locations/us-central1/functions/checkUserPassword","verb":"create","cancelRequested":false,"apiVersion":"v2"},"done":false}
[debug] [2025-09-17T17:32:43.615Z] [create-default-us-central1-checkUserPassword] Retrying task index 0
[debug] [2025-09-17T17:32:43.615Z] Checked if tokens are valid: true, expires at: 1758133636124
[debug] [2025-09-17T17:32:43.616Z] Checked if tokens are valid: true, expires at: 1758133636124
[debug] [2025-09-17T17:32:43.616Z] >>> [apiv2][query] GET https://cloudfunctions.googleapis.com/v2/projects/bariga-snacks-e2d80/locations/us-central1/operations/operation-1758130362146-63f029fb46086-2fc1cb74-c1ae3113 [none]
[debug] [2025-09-17T17:32:43.813Z] <<< [apiv2][status] GET https://cloudfunctions.googleapis.com/v2/projects/bariga-snacks-e2d80/locations/us-central1/operations/operation-1758130362146-63f029fb46086-2fc1cb74-c1ae3113 200
[debug] [2025-09-17T17:32:43.813Z] <<< [apiv2][body] GET https://cloudfunctions.googleapis.com/v2/projects/bariga-snacks-e2d80/locations/us-central1/operations/operation-1758130362146-63f029fb46086-2fc1cb74-c1ae3113 {"name":"projects/bariga-snacks-e2d80/locations/us-central1/operations/operation-1758130362146-63f029fb46086-2fc1cb74-c1ae3113","metadata":{"@type":"type.googleapis.com/google.cloud.functions.v2.OperationMetadata","createTime":"2025-09-17T17:32:43.305867519Z","target":"projects/bariga-snacks-e2d80/locations/us-central1/functions/checkUserPassword","verb":"create","cancelRequested":false,"apiVersion":"v2","requestResource":{"@type":"type.googleapis.com/google.cloud.functions.v2.Function","name":"projects/bariga-snacks-e2d80/locations/us-central1/functions/checkUserPassword","buildConfig":{"runtime":"nodejs22","entryPoint":"checkUserPassword","source":{"storageSource":{"bucket":"gcf-v2-sources-437211006119-us-central1","object":"checkUserPassword/function-source.zip","generation":"1758130362985591"}},"environmentVariables":{"GOOGLE_NODE_RUN_SCRIPTS":""},"serviceAccount":"projects/bariga-snacks-e2d80/serviceAccounts/437211006119-compute@developer.gserviceaccount.com","automaticUpdatePolicy":{}},"serviceConfig":{"service":"projects/bariga-snacks-e2d80/locations/us-central1/services/checkuserpassword","timeoutSeconds":60,"environmentVariables":{"FIREBASE_CONFIG":"{\"projectId\":\"bariga-snacks-e2d80\",\"storageBucket\":\"bariga-snacks-e2d80.firebasestorage.app\"}","GCLOUD_PROJECT":"bariga-snacks-e2d80","EVENTARC_CLOUD_EVENT_SOURCE":"projects/bariga-snacks-e2d80/locations/us-central1/services/checkUserPassword","FUNCTION_TARGET":"checkUserPassword","LOG_EXECUTION_ID":"true"},"ingressSettings":"ALLOW_ALL","serviceAccountEmail":"437211006119-compute@developer.gserviceaccount.com","availableMemory":"256Mi","maxInstanceRequestConcurrency":80,"availableCpu":"1"},"labels":{"deployment-tool":"cli-firebase","deployment-callable":"true","firebase-functions-hash":"86435f742b41772be44a21cb602e0df7818f315e"},"environment":"GEN_2"},"stages":[{"name":"BUILD","state":"NOT_STARTED"},{"name":"SERVICE","state":"NOT_STARTED"}],"operationType":"CREATE_FUNCTION"},"done":false}
[debug] [2025-09-17T17:32:44.822Z] [create-default-us-central1-checkUserPassword] Retrying task index 0
[debug] [2025-09-17T17:32:44.823Z] Checked if tokens are valid: true, expires at: 1758133636124
[debug] [2025-09-17T17:32:44.823Z] Checked if tokens are valid: true, expires at: 1758133636124
[debug] [2025-09-17T17:32:44.823Z] >>> [apiv2][query] GET https://cloudfunctions.googleapis.com/v2/projects/bariga-snacks-e2d80/locations/us-central1/operations/operation-1758130362146-63f029fb46086-2fc1cb74-c1ae3113 [none]
[debug] [2025-09-17T17:32:45.042Z] <<< [apiv2][status] GET https://cloudfunctions.googleapis.com/v2/projects/bariga-snacks-e2d80/locations/us-central1/operations/operation-1758130362146-63f029fb46086-2fc1cb74-c1ae3113 200
[debug] [2025-09-17T17:32:45.042Z] <<< [apiv2][body] GET https://cloudfunctions.googleapis.com/v2/projects/bariga-snacks-e2d80/locations/us-central1/operations/operation-1758130362146-63f029fb46086-2fc1cb74-c1ae3113 {"name":"projects/bariga-snacks-e2d80/locations/us-central1/operations/operation-1758130362146-63f029fb46086-2fc1cb74-c1ae3113","metadata":{"@type":"type.googleapis.com/google.cloud.functions.v2.OperationMetadata","createTime":"2025-09-17T17:32:43.305867519Z","target":"projects/bariga-snacks-e2d80/locations/us-central1/functions/checkUserPassword","verb":"create","cancelRequested":false,"apiVersion":"v2","requestResource":{"@type":"type.googleapis.com/google.cloud.functions.v2.Function","name":"projects/bariga-snacks-e2d80/locations/us-central1/functions/checkUserPassword","buildConfig":{"runtime":"nodejs22","entryPoint":"checkUserPassword","source":{"storageSource":{"bucket":"gcf-v2-sources-437211006119-us-central1","object":"checkUserPassword/function-source.zip","generation":"1758130362985591"}},"environmentVariables":{"GOOGLE_NODE_RUN_SCRIPTS":""},"serviceAccount":"projects/bariga-snacks-e2d80/serviceAccounts/437211006119-compute@developer.gserviceaccount.com","automaticUpdatePolicy":{}},"serviceConfig":{"service":"projects/bariga-snacks-e2d80/locations/us-central1/services/checkuserpassword","timeoutSeconds":60,"environmentVariables":{"FIREBASE_CONFIG":"{\"projectId\":\"bariga-snacks-e2d80\",\"storageBucket\":\"bariga-snacks-e2d80.firebasestorage.app\"}","GCLOUD_PROJECT":"bariga-snacks-e2d80","EVENTARC_CLOUD_EVENT_SOURCE":"projects/bariga-snacks-e2d80/locations/us-central1/services/checkUserPassword","FUNCTION_TARGET":"checkUserPassword","LOG_EXECUTION_ID":"true"},"ingressSettings":"ALLOW_ALL","serviceAccountEmail":"437211006119-compute@developer.gserviceaccount.com","availableMemory":"256Mi","maxInstanceRequestConcurrency":80,"availableCpu":"1"},"labels":{"deployment-tool":"cli-firebase","deployment-callable":"true","firebase-functions-hash":"86435f742b41772be44a21cb602e0df7818f315e"},"environment":"GEN_2"},"stages":[{"name":"BUILD","state":"NOT_STARTED"},{"name":"SERVICE","state":"NOT_STARTED"}],"operationType":"CREATE_FUNCTION"},"done":false}
[debug] [2025-09-17T17:32:47.051Z] [create-default-us-central1-checkUserPassword] Retrying task index 0
[debug] [2025-09-17T17:32:47.052Z] Checked if tokens are valid: true, expires at: 1758133636124
[debug] [2025-09-17T17:32:47.052Z] Checked if tokens are valid: true, expires at: 1758133636124
[debug] [2025-09-17T17:32:47.052Z] >>> [apiv2][query] GET https://cloudfunctions.googleapis.com/v2/projects/bariga-snacks-e2d80/locations/us-central1/operations/operation-1758130362146-63f029fb46086-2fc1cb74-c1ae3113 [none]
[debug] [2025-09-17T17:32:47.260Z] <<< [apiv2][status] GET https://cloudfunctions.googleapis.com/v2/projects/bariga-snacks-e2d80/locations/us-central1/operations/operation-1758130362146-63f029fb46086-2fc1cb74-c1ae3113 200
[debug] [2025-09-17T17:32:47.260Z] <<< [apiv2][body] GET https://cloudfunctions.googleapis.com/v2/projects/bariga-snacks-e2d80/locations/us-central1/operations/operation-1758130362146-63f029fb46086-2fc1cb74-c1ae3113 {"name":"projects/bariga-snacks-e2d80/locations/us-central1/operations/operation-1758130362146-63f029fb46086-2fc1cb74-c1ae3113","metadata":{"@type":"type.googleapis.com/google.cloud.functions.v2.OperationMetadata","createTime":"2025-09-17T17:32:43.305867519Z","target":"projects/bariga-snacks-e2d80/locations/us-central1/functions/checkUserPassword","verb":"create","cancelRequested":false,"apiVersion":"v2","requestResource":{"@type":"type.googleapis.com/google.cloud.functions.v2.Function","name":"projects/bariga-snacks-e2d80/locations/us-central1/functions/checkUserPassword","buildConfig":{"runtime":"nodejs22","entryPoint":"checkUserPassword","source":{"storageSource":{"bucket":"gcf-v2-sources-437211006119-us-central1","object":"checkUserPassword/function-source.zip","generation":"1758130362985591"}},"environmentVariables":{"GOOGLE_NODE_RUN_SCRIPTS":""},"serviceAccount":"projects/bariga-snacks-e2d80/serviceAccounts/437211006119-compute@developer.gserviceaccount.com","automaticUpdatePolicy":{}},"serviceConfig":{"service":"projects/bariga-snacks-e2d80/locations/us-central1/services/checkuserpassword","timeoutSeconds":60,"environmentVariables":{"FIREBASE_CONFIG":"{\"projectId\":\"bariga-snacks-e2d80\",\"storageBucket\":\"bariga-snacks-e2d80.firebasestorage.app\"}","GCLOUD_PROJECT":"bariga-snacks-e2d80","EVENTARC_CLOUD_EVENT_SOURCE":"projects/bariga-snacks-e2d80/locations/us-central1/services/checkUserPassword","FUNCTION_TARGET":"checkUserPassword","LOG_EXECUTION_ID":"true"},"ingressSettings":"ALLOW_ALL","serviceAccountEmail":"437211006119-compute@developer.gserviceaccount.com","availableMemory":"256Mi","maxInstanceRequestConcurrency":80,"availableCpu":"1"},"labels":{"deployment-tool":"cli-firebase","deployment-callable":"true","firebase-functions-hash":"86435f742b41772be44a21cb602e0df7818f315e"},"environment":"GEN_2"},"stages":[{"name":"BUILD","state":"NOT_STARTED"},{"name":"SERVICE","state":"NOT_STARTED"}],"operationType":"CREATE_FUNCTION"},"done":false}
[debug] [2025-09-17T17:32:51.273Z] [create-default-us-central1-checkUserPassword] Retrying task index 0
[debug] [2025-09-17T17:32:51.274Z] Checked if tokens are valid: true, expires at: 1758133636124
[debug] [2025-09-17T17:32:51.274Z] Checked if tokens are valid: true, expires at: 1758133636124
[debug] [2025-09-17T17:32:51.274Z] >>> [apiv2][query] GET https://cloudfunctions.googleapis.com/v2/projects/bariga-snacks-e2d80/locations/us-central1/operations/operation-1758130362146-63f029fb46086-2fc1cb74-c1ae3113 [none]
[debug] [2025-09-17T17:32:51.453Z] <<< [apiv2][status] GET https://cloudfunctions.googleapis.com/v2/projects/bariga-snacks-e2d80/locations/us-central1/operations/operation-1758130362146-63f029fb46086-2fc1cb74-c1ae3113 200
[debug] [2025-09-17T17:32:51.454Z] <<< [apiv2][body] GET https://cloudfunctions.googleapis.com/v2/projects/bariga-snacks-e2d80/locations/us-central1/operations/operation-1758130362146-63f029fb46086-2fc1cb74-c1ae3113 {"name":"projects/bariga-snacks-e2d80/locations/us-central1/operations/operation-1758130362146-63f029fb46086-2fc1cb74-c1ae3113","metadata":{"@type":"type.googleapis.com/google.cloud.functions.v2.OperationMetadata","createTime":"2025-09-17T17:32:43.305867519Z","target":"projects/bariga-snacks-e2d80/locations/us-central1/functions/checkUserPassword","verb":"create","cancelRequested":false,"apiVersion":"v2","requestResource":{"@type":"type.googleapis.com/google.cloud.functions.v2.Function","name":"projects/bariga-snacks-e2d80/locations/us-central1/functions/checkUserPassword","buildConfig":{"runtime":"nodejs22","entryPoint":"checkUserPassword","source":{"storageSource":{"bucket":"gcf-v2-sources-437211006119-us-central1","object":"checkUserPassword/function-source.zip","generation":"1758130362985591"}},"environmentVariables":{"GOOGLE_NODE_RUN_SCRIPTS":""},"serviceAccount":"projects/bariga-snacks-e2d80/serviceAccounts/437211006119-compute@developer.gserviceaccount.com","automaticUpdatePolicy":{}},"serviceConfig":{"service":"projects/bariga-snacks-e2d80/locations/us-central1/services/checkuserpassword","timeoutSeconds":60,"environmentVariables":{"FIREBASE_CONFIG":"{\"projectId\":\"bariga-snacks-e2d80\",\"storageBucket\":\"bariga-snacks-e2d80.firebasestorage.app\"}","GCLOUD_PROJECT":"bariga-snacks-e2d80","EVENTARC_CLOUD_EVENT_SOURCE":"projects/bariga-snacks-e2d80/locations/us-central1/services/checkUserPassword","FUNCTION_TARGET":"checkUserPassword","LOG_EXECUTION_ID":"true"},"ingressSettings":"ALLOW_ALL","serviceAccountEmail":"437211006119-compute@developer.gserviceaccount.com","availableMemory":"256Mi","maxInstanceRequestConcurrency":80,"availableCpu":"1"},"labels":{"deployment-tool":"cli-firebase","deployment-callable":"true","firebase-functions-hash":"86435f742b41772be44a21cb602e0df7818f315e"},"environment":"GEN_2"},"stages":[{"name":"BUILD","state":"NOT_STARTED"},{"name":"SERVICE","state":"NOT_STARTED"}],"operationType":"CREATE_FUNCTION"},"done":false}
[debug] [2025-09-17T17:32:59.466Z] [create-default-us-central1-checkUserPassword] Retrying task index 0
[debug] [2025-09-17T17:32:59.466Z] Checked if tokens are valid: true, expires at: 1758133636124
[debug] [2025-09-17T17:32:59.466Z] Checked if tokens are valid: true, expires at: 1758133636124
[debug] [2025-09-17T17:32:59.466Z] >>> [apiv2][query] GET https://cloudfunctions.googleapis.com/v2/projects/bariga-snacks-e2d80/locations/us-central1/operations/operation-1758130362146-63f029fb46086-2fc1cb74-c1ae3113 [none]
[debug] [2025-09-17T17:32:59.718Z] <<< [apiv2][status] GET https://cloudfunctions.googleapis.com/v2/projects/bariga-snacks-e2d80/locations/us-central1/operations/operation-1758130362146-63f029fb46086-2fc1cb74-c1ae3113 200
[debug] [2025-09-17T17:32:59.718Z] <<< [apiv2][body] GET https://cloudfunctions.googleapis.com/v2/projects/bariga-snacks-e2d80/locations/us-central1/operations/operation-1758130362146-63f029fb46086-2fc1cb74-c1ae3113 {"name":"projects/bariga-snacks-e2d80/locations/us-central1/operations/operation-1758130362146-63f029fb46086-2fc1cb74-c1ae3113","metadata":{"@type":"type.googleapis.com/google.cloud.functions.v2.OperationMetadata","createTime":"2025-09-17T17:32:43.305867519Z","target":"projects/bariga-snacks-e2d80/locations/us-central1/functions/checkUserPassword","verb":"create","cancelRequested":false,"apiVersion":"v2","requestResource":{"@type":"type.googleapis.com/google.cloud.functions.v2.Function","name":"projects/bariga-snacks-e2d80/locations/us-central1/functions/checkUserPassword","buildConfig":{"runtime":"nodejs22","entryPoint":"checkUserPassword","source":{"storageSource":{"bucket":"gcf-v2-sources-437211006119-us-central1","object":"checkUserPassword/function-source.zip","generation":"1758130362985591"}},"environmentVariables":{"GOOGLE_NODE_RUN_SCRIPTS":""},"serviceAccount":"projects/bariga-snacks-e2d80/serviceAccounts/437211006119-compute@developer.gserviceaccount.com","automaticUpdatePolicy":{}},"serviceConfig":{"service":"projects/bariga-snacks-e2d80/locations/us-central1/services/checkuserpassword","timeoutSeconds":60,"environmentVariables":{"FIREBASE_CONFIG":"{\"projectId\":\"bariga-snacks-e2d80\",\"storageBucket\":\"bariga-snacks-e2d80.firebasestorage.app\"}","GCLOUD_PROJECT":"bariga-snacks-e2d80","EVENTARC_CLOUD_EVENT_SOURCE":"projects/bariga-snacks-e2d80/locations/us-central1/services/checkUserPassword","FUNCTION_TARGET":"checkUserPassword","LOG_EXECUTION_ID":"true"},"ingressSettings":"ALLOW_ALL","serviceAccountEmail":"437211006119-compute@developer.gserviceaccount.com","availableMemory":"256Mi","maxInstanceRequestConcurrency":80,"availableCpu":"1"},"labels":{"deployment-tool":"cli-firebase","deployment-callable":"true","firebase-functions-hash":"86435f742b41772be44a21cb602e0df7818f315e"},"environment":"GEN_2"},"stages":[{"name":"BUILD","state":"NOT_STARTED"},{"name":"SERVICE","state":"NOT_STARTED"}],"operationType":"CREATE_FUNCTION"},"done":false}
[debug] [2025-09-17T17:33:09.732Z] [create-default-us-central1-checkUserPassword] Retrying task index 0
[debug] [2025-09-17T17:33:09.732Z] Checked if tokens are valid: true, expires at: 1758133636124
[debug] [2025-09-17T17:33:09.732Z] Checked if tokens are valid: true, expires at: 1758133636124
[debug] [2025-09-17T17:33:09.733Z] >>> [apiv2][query] GET https://cloudfunctions.googleapis.com/v2/projects/bariga-snacks-e2d80/locations/us-central1/operations/operation-1758130362146-63f029fb46086-2fc1cb74-c1ae3113 [none]
[debug] [2025-09-17T17:33:10.015Z] <<< [apiv2][status] GET https://cloudfunctions.googleapis.com/v2/projects/bariga-snacks-e2d80/locations/us-central1/operations/operation-1758130362146-63f029fb46086-2fc1cb74-c1ae3113 200
[debug] [2025-09-17T17:33:10.015Z] <<< [apiv2][body] GET https://cloudfunctions.googleapis.com/v2/projects/bariga-snacks-e2d80/locations/us-central1/operations/operation-1758130362146-63f029fb46086-2fc1cb74-c1ae3113 {"name":"projects/bariga-snacks-e2d80/locations/us-central1/operations/operation-1758130362146-63f029fb46086-2fc1cb74-c1ae3113","metadata":{"@type":"type.googleapis.com/google.cloud.functions.v2.OperationMetadata","createTime":"2025-09-17T17:32:43.305867519Z","target":"projects/bariga-snacks-e2d80/locations/us-central1/functions/checkUserPassword","verb":"create","cancelRequested":false,"apiVersion":"v2","requestResource":{"@type":"type.googleapis.com/google.cloud.functions.v2.Function","name":"projects/bariga-snacks-e2d80/locations/us-central1/functions/checkUserPassword","buildConfig":{"runtime":"nodejs22","entryPoint":"checkUserPassword","source":{"storageSource":{"bucket":"gcf-v2-sources-437211006119-us-central1","object":"checkUserPassword/function-source.zip","generation":"1758130362985591"}},"environmentVariables":{"GOOGLE_NODE_RUN_SCRIPTS":""},"serviceAccount":"projects/bariga-snacks-e2d80/serviceAccounts/437211006119-compute@developer.gserviceaccount.com","automaticUpdatePolicy":{}},"serviceConfig":{"service":"projects/bariga-snacks-e2d80/locations/us-central1/services/checkuserpassword","timeoutSeconds":60,"environmentVariables":{"FIREBASE_CONFIG":"{\"projectId\":\"bariga-snacks-e2d80\",\"storageBucket\":\"bariga-snacks-e2d80.firebasestorage.app\"}","GCLOUD_PROJECT":"bariga-snacks-e2d80","EVENTARC_CLOUD_EVENT_SOURCE":"projects/bariga-snacks-e2d80/locations/us-central1/services/checkUserPassword","FUNCTION_TARGET":"checkUserPassword","LOG_EXECUTION_ID":"true"},"ingressSettings":"ALLOW_ALL","serviceAccountEmail":"437211006119-compute@developer.gserviceaccount.com","availableMemory":"256Mi","maxInstanceRequestConcurrency":80,"availableCpu":"1"},"labels":{"deployment-tool":"cli-firebase","deployment-callable":"true","firebase-functions-hash":"86435f742b41772be44a21cb602e0df7818f315e"},"environment":"GEN_2"},"stages":[{"name":"BUILD","state":"NOT_STARTED"},{"name":"SERVICE","state":"NOT_STARTED"}],"operationType":"CREATE_FUNCTION"},"done":false}
[debug] [2025-09-17T17:33:20.024Z] [create-default-us-central1-checkUserPassword] Retrying task index 0
[debug] [2025-09-17T17:33:20.024Z] Checked if tokens are valid: true, expires at: 1758133636124
[debug] [2025-09-17T17:33:20.024Z] Checked if tokens are valid: true, expires at: 1758133636124
[debug] [2025-09-17T17:33:20.024Z] >>> [apiv2][query] GET https://cloudfunctions.googleapis.com/v2/projects/bariga-snacks-e2d80/locations/us-central1/operations/operation-1758130362146-63f029fb46086-2fc1cb74-c1ae3113 [none]
[debug] [2025-09-17T17:33:20.305Z] <<< [apiv2][status] GET https://cloudfunctions.googleapis.com/v2/projects/bariga-snacks-e2d80/locations/us-central1/operations/operation-1758130362146-63f029fb46086-2fc1cb74-c1ae3113 200
[debug] [2025-09-17T17:33:20.305Z] <<< [apiv2][body] GET https://cloudfunctions.googleapis.com/v2/projects/bariga-snacks-e2d80/locations/us-central1/operations/operation-1758130362146-63f029fb46086-2fc1cb74-c1ae3113 {"name":"projects/bariga-snacks-e2d80/locations/us-central1/operations/operation-1758130362146-63f029fb46086-2fc1cb74-c1ae3113","metadata":{"@type":"type.googleapis.com/google.cloud.functions.v2.OperationMetadata","createTime":"2025-09-17T17:32:43.305867519Z","target":"projects/bariga-snacks-e2d80/locations/us-central1/functions/checkUserPassword","verb":"create","cancelRequested":false,"apiVersion":"v2","requestResource":{"@type":"type.googleapis.com/google.cloud.functions.v2.Function","name":"projects/bariga-snacks-e2d80/locations/us-central1/functions/checkUserPassword","buildConfig":{"runtime":"nodejs22","entryPoint":"checkUserPassword","source":{"storageSource":{"bucket":"gcf-v2-sources-437211006119-us-central1","object":"checkUserPassword/function-source.zip","generation":"1758130362985591"}},"environmentVariables":{"GOOGLE_NODE_RUN_SCRIPTS":""},"serviceAccount":"projects/bariga-snacks-e2d80/serviceAccounts/437211006119-compute@developer.gserviceaccount.com","automaticUpdatePolicy":{}},"serviceConfig":{"service":"projects/bariga-snacks-e2d80/locations/us-central1/services/checkuserpassword","timeoutSeconds":60,"environmentVariables":{"FIREBASE_CONFIG":"{\"projectId\":\"bariga-snacks-e2d80\",\"storageBucket\":\"bariga-snacks-e2d80.firebasestorage.app\"}","GCLOUD_PROJECT":"bariga-snacks-e2d80","EVENTARC_CLOUD_EVENT_SOURCE":"projects/bariga-snacks-e2d80/locations/us-central1/services/checkUserPassword","FUNCTION_TARGET":"checkUserPassword","LOG_EXECUTION_ID":"true"},"ingressSettings":"ALLOW_ALL","serviceAccountEmail":"437211006119-compute@developer.gserviceaccount.com","availableMemory":"256Mi","maxInstanceRequestConcurrency":80,"availableCpu":"1"},"labels":{"deployment-tool":"cli-firebase","deployment-callable":"true","firebase-functions-hash":"86435f742b41772be44a21cb602e0df7818f315e"},"environment":"GEN_2"},"stages":[{"name":"BUILD","state":"NOT_STARTED"},{"name":"SERVICE","state":"NOT_STARTED"}],"operationType":"CREATE_FUNCTION"},"done":false}
[debug] [2025-09-17T17:33:30.319Z] [create-default-us-central1-checkUserPassword] Retrying task index 0
[debug] [2025-09-17T17:33:30.319Z] Checked if tokens are valid: true, expires at: 1758133636124
[debug] [2025-09-17T17:33:30.319Z] Checked if tokens are valid: true, expires at: 1758133636124
[debug] [2025-09-17T17:33:30.319Z] >>> [apiv2][query] GET https://cloudfunctions.googleapis.com/v2/projects/bariga-snacks-e2d80/locations/us-central1/operations/operation-1758130362146-63f029fb46086-2fc1cb74-c1ae3113 [none]
[debug] [2025-09-17T17:33:30.604Z] <<< [apiv2][status] GET https://cloudfunctions.googleapis.com/v2/projects/bariga-snacks-e2d80/locations/us-central1/operations/operation-1758130362146-63f029fb46086-2fc1cb74-c1ae3113 200
[debug] [2025-09-17T17:33:30.605Z] <<< [apiv2][body] GET https://cloudfunctions.googleapis.com/v2/projects/bariga-snacks-e2d80/locations/us-central1/operations/operation-1758130362146-63f029fb46086-2fc1cb74-c1ae3113 {"name":"projects/bariga-snacks-e2d80/locations/us-central1/operations/operation-1758130362146-63f029fb46086-2fc1cb74-c1ae3113","metadata":{"@type":"type.googleapis.com/google.cloud.functions.v2.OperationMetadata","createTime":"2025-09-17T17:32:43.305867519Z","target":"projects/bariga-snacks-e2d80/locations/us-central1/functions/checkUserPassword","verb":"create","cancelRequested":false,"apiVersion":"v2","requestResource":{"@type":"type.googleapis.com/google.cloud.functions.v2.Function","name":"projects/bariga-snacks-e2d80/locations/us-central1/functions/checkUserPassword","buildConfig":{"runtime":"nodejs22","entryPoint":"checkUserPassword","source":{"storageSource":{"bucket":"gcf-v2-sources-437211006119-us-central1","object":"checkUserPassword/function-source.zip","generation":"1758130362985591"}},"environmentVariables":{"GOOGLE_NODE_RUN_SCRIPTS":""},"serviceAccount":"projects/bariga-snacks-e2d80/serviceAccounts/437211006119-compute@developer.gserviceaccount.com","automaticUpdatePolicy":{}},"serviceConfig":{"service":"projects/bariga-snacks-e2d80/locations/us-central1/services/checkuserpassword","timeoutSeconds":60,"environmentVariables":{"FIREBASE_CONFIG":"{\"projectId\":\"bariga-snacks-e2d80\",\"storageBucket\":\"bariga-snacks-e2d80.firebasestorage.app\"}","GCLOUD_PROJECT":"bariga-snacks-e2d80","EVENTARC_CLOUD_EVENT_SOURCE":"projects/bariga-snacks-e2d80/locations/us-central1/services/checkUserPassword","FUNCTION_TARGET":"checkUserPassword","LOG_EXECUTION_ID":"true"},"ingressSettings":"ALLOW_ALL","serviceAccountEmail":"437211006119-compute@developer.gserviceaccount.com","availableMemory":"256Mi","maxInstanceRequestConcurrency":80,"availableCpu":"1"},"labels":{"deployment-tool":"cli-firebase","deployment-callable":"true","firebase-functions-hash":"86435f742b41772be44a21cb602e0df7818f315e"},"environment":"GEN_2"},"stages":[{"name":"BUILD","message":"Build in progress","state":"IN_PROGRESS","resource":"projects/437211006119/locations/us-central1/builds/6ee81848-77ad-4c87-818e-d88603d4c3bb","resourceUri":"https://console.cloud.google.com/cloud-build/builds;region=us-central1/6ee81848-77ad-4c87-818e-d88603d4c3bb?project=437211006119"},{"name":"SERVICE","state":"NOT_STARTED"}],"operationType":"CREATE_FUNCTION","buildName":"projects/437211006119/locations/us-central1/builds/6ee81848-77ad-4c87-818e-d88603d4c3bb"},"done":false}
[debug] [2025-09-17T17:33:40.614Z] [create-default-us-central1-checkUserPassword] Retrying task index 0
[debug] [2025-09-17T17:33:40.614Z] Checked if tokens are valid: true, expires at: 1758133636124
[debug] [2025-09-17T17:33:40.614Z] Checked if tokens are valid: true, expires at: 1758133636124
[debug] [2025-09-17T17:33:40.614Z] >>> [apiv2][query] GET https://cloudfunctions.googleapis.com/v2/projects/bariga-snacks-e2d80/locations/us-central1/operations/operation-1758130362146-63f029fb46086-2fc1cb74-c1ae3113 [none]
[debug] [2025-09-17T17:33:40.883Z] <<< [apiv2][status] GET https://cloudfunctions.googleapis.com/v2/projects/bariga-snacks-e2d80/locations/us-central1/operations/operation-1758130362146-63f029fb46086-2fc1cb74-c1ae3113 200
[debug] [2025-09-17T17:33:40.883Z] <<< [apiv2][body] GET https://cloudfunctions.googleapis.com/v2/projects/bariga-snacks-e2d80/locations/us-central1/operations/operation-1758130362146-63f029fb46086-2fc1cb74-c1ae3113 {"name":"projects/bariga-snacks-e2d80/locations/us-central1/operations/operation-1758130362146-63f029fb46086-2fc1cb74-c1ae3113","metadata":{"@type":"type.googleapis.com/google.cloud.functions.v2.OperationMetadata","createTime":"2025-09-17T17:32:43.305867519Z","target":"projects/bariga-snacks-e2d80/locations/us-central1/functions/checkUserPassword","verb":"create","cancelRequested":false,"apiVersion":"v2","requestResource":{"@type":"type.googleapis.com/google.cloud.functions.v2.Function","name":"projects/bariga-snacks-e2d80/locations/us-central1/functions/checkUserPassword","buildConfig":{"runtime":"nodejs22","entryPoint":"checkUserPassword","source":{"storageSource":{"bucket":"gcf-v2-sources-437211006119-us-central1","object":"checkUserPassword/function-source.zip","generation":"1758130362985591"}},"environmentVariables":{"GOOGLE_NODE_RUN_SCRIPTS":""},"serviceAccount":"projects/bariga-snacks-e2d80/serviceAccounts/437211006119-compute@developer.gserviceaccount.com","automaticUpdatePolicy":{}},"serviceConfig":{"service":"projects/bariga-snacks-e2d80/locations/us-central1/services/checkuserpassword","timeoutSeconds":60,"environmentVariables":{"FIREBASE_CONFIG":"{\"projectId\":\"bariga-snacks-e2d80\",\"storageBucket\":\"bariga-snacks-e2d80.firebasestorage.app\"}","GCLOUD_PROJECT":"bariga-snacks-e2d80","EVENTARC_CLOUD_EVENT_SOURCE":"projects/bariga-snacks-e2d80/locations/us-central1/services/checkUserPassword","FUNCTION_TARGET":"checkUserPassword","LOG_EXECUTION_ID":"true"},"ingressSettings":"ALLOW_ALL","serviceAccountEmail":"437211006119-compute@developer.gserviceaccount.com","availableMemory":"256Mi","maxInstanceRequestConcurrency":80,"availableCpu":"1"},"labels":{"deployment-tool":"cli-firebase","deployment-callable":"true","firebase-functions-hash":"86435f742b41772be44a21cb602e0df7818f315e"},"environment":"GEN_2"},"stages":[{"name":"BUILD","message":"Build in progress","state":"IN_PROGRESS","resource":"projects/437211006119/locations/us-central1/builds/6ee81848-77ad-4c87-818e-d88603d4c3bb","resourceUri":"https://console.cloud.google.com/cloud-build/builds;region=us-central1/6ee81848-77ad-4c87-818e-d88603d4c3bb?project=437211006119"},{"name":"SERVICE","state":"NOT_STARTED"}],"operationType":"CREATE_FUNCTION","buildName":"projects/437211006119/locations/us-central1/builds/6ee81848-77ad-4c87-818e-d88603d4c3bb"},"done":false}
[debug] [2025-09-17T17:33:50.898Z] [create-default-us-central1-checkUserPassword] Retrying task index 0
[debug] [2025-09-17T17:33:50.898Z] Checked if tokens are valid: true, expires at: 1758133636124
[debug] [2025-09-17T17:33:50.898Z] Checked if tokens are valid: true, expires at: 1758133636124
[debug] [2025-09-17T17:33:50.898Z] >>> [apiv2][query] GET https://cloudfunctions.googleapis.com/v2/projects/bariga-snacks-e2d80/locations/us-central1/operations/operation-1758130362146-63f029fb46086-2fc1cb74-c1ae3113 [none]
[debug] [2025-09-17T17:33:51.158Z] <<< [apiv2][status] GET https://cloudfunctions.googleapis.com/v2/projects/bariga-snacks-e2d80/locations/us-central1/operations/operation-1758130362146-63f029fb46086-2fc1cb74-c1ae3113 200
[debug] [2025-09-17T17:33:51.158Z] <<< [apiv2][body] GET https://cloudfunctions.googleapis.com/v2/projects/bariga-snacks-e2d80/locations/us-central1/operations/operation-1758130362146-63f029fb46086-2fc1cb74-c1ae3113 {"name":"projects/bariga-snacks-e2d80/locations/us-central1/operations/operation-1758130362146-63f029fb46086-2fc1cb74-c1ae3113","metadata":{"@type":"type.googleapis.com/google.cloud.functions.v2.OperationMetadata","createTime":"2025-09-17T17:32:43.305867519Z","target":"projects/bariga-snacks-e2d80/locations/us-central1/functions/checkUserPassword","verb":"create","cancelRequested":false,"apiVersion":"v2","requestResource":{"@type":"type.googleapis.com/google.cloud.functions.v2.Function","name":"projects/bariga-snacks-e2d80/locations/us-central1/functions/checkUserPassword","buildConfig":{"runtime":"nodejs22","entryPoint":"checkUserPassword","source":{"storageSource":{"bucket":"gcf-v2-sources-437211006119-us-central1","object":"checkUserPassword/function-source.zip","generation":"1758130362985591"}},"environmentVariables":{"GOOGLE_NODE_RUN_SCRIPTS":""},"serviceAccount":"projects/bariga-snacks-e2d80/serviceAccounts/437211006119-compute@developer.gserviceaccount.com","automaticUpdatePolicy":{}},"serviceConfig":{"service":"projects/bariga-snacks-e2d80/locations/us-central1/services/checkuserpassword","timeoutSeconds":60,"environmentVariables":{"FIREBASE_CONFIG":"{\"projectId\":\"bariga-snacks-e2d80\",\"storageBucket\":\"bariga-snacks-e2d80.firebasestorage.app\"}","GCLOUD_PROJECT":"bariga-snacks-e2d80","EVENTARC_CLOUD_EVENT_SOURCE":"projects/bariga-snacks-e2d80/locations/us-central1/services/checkUserPassword","FUNCTION_TARGET":"checkUserPassword","LOG_EXECUTION_ID":"true"},"ingressSettings":"ALLOW_ALL","serviceAccountEmail":"437211006119-compute@developer.gserviceaccount.com","availableMemory":"256Mi","maxInstanceRequestConcurrency":80,"availableCpu":"1"},"labels":{"deployment-tool":"cli-firebase","deployment-callable":"true","firebase-functions-hash":"86435f742b41772be44a21cb602e0df7818f315e"},"environment":"GEN_2"},"stages":[{"name":"BUILD","message":"Build in progress","state":"IN_PROGRESS","resource":"projects/437211006119/locations/us-central1/builds/6ee81848-77ad-4c87-818e-d88603d4c3bb","resourceUri":"https://console.cloud.google.com/cloud-build/builds;region=us-central1/6ee81848-77ad-4c87-818e-d88603d4c3bb?project=437211006119"},{"name":"SERVICE","state":"NOT_STARTED"}],"operationType":"CREATE_FUNCTION","buildName":"projects/437211006119/locations/us-central1/builds/6ee81848-77ad-4c87-818e-d88603d4c3bb"},"done":false}
[debug] [2025-09-17T17:34:01.160Z] [create-default-us-central1-checkUserPassword] Retrying task index 0
[debug] [2025-09-17T17:34:01.160Z] Checked if tokens are valid: true, expires at: 1758133636124
[debug] [2025-09-17T17:34:01.160Z] Checked if tokens are valid: true, expires at: 1758133636124
[debug] [2025-09-17T17:34:01.160Z] >>> [apiv2][query] GET https://cloudfunctions.googleapis.com/v2/projects/bariga-snacks-e2d80/locations/us-central1/operations/operation-1758130362146-63f029fb46086-2fc1cb74-c1ae3113 [none]
[debug] [2025-09-17T17:34:01.420Z] <<< [apiv2][status] GET https://cloudfunctions.googleapis.com/v2/projects/bariga-snacks-e2d80/locations/us-central1/operations/operation-1758130362146-63f029fb46086-2fc1cb74-c1ae3113 200
[debug] [2025-09-17T17:34:01.420Z] <<< [apiv2][body] GET https://cloudfunctions.googleapis.com/v2/projects/bariga-snacks-e2d80/locations/us-central1/operations/operation-1758130362146-63f029fb46086-2fc1cb74-c1ae3113 {"name":"projects/bariga-snacks-e2d80/locations/us-central1/operations/operation-1758130362146-63f029fb46086-2fc1cb74-c1ae3113","metadata":{"@type":"type.googleapis.com/google.cloud.functions.v2.OperationMetadata","createTime":"2025-09-17T17:32:43.305867519Z","target":"projects/bariga-snacks-e2d80/locations/us-central1/functions/checkUserPassword","verb":"create","cancelRequested":false,"apiVersion":"v2","requestResource":{"@type":"type.googleapis.com/google.cloud.functions.v2.Function","name":"projects/bariga-snacks-e2d80/locations/us-central1/functions/checkUserPassword","buildConfig":{"runtime":"nodejs22","entryPoint":"checkUserPassword","source":{"storageSource":{"bucket":"gcf-v2-sources-437211006119-us-central1","object":"checkUserPassword/function-source.zip","generation":"1758130362985591"}},"environmentVariables":{"GOOGLE_NODE_RUN_SCRIPTS":""},"serviceAccount":"projects/bariga-snacks-e2d80/serviceAccounts/437211006119-compute@developer.gserviceaccount.com","automaticUpdatePolicy":{}},"serviceConfig":{"service":"projects/bariga-snacks-e2d80/locations/us-central1/services/checkuserpassword","timeoutSeconds":60,"environmentVariables":{"FIREBASE_CONFIG":"{\"projectId\":\"bariga-snacks-e2d80\",\"storageBucket\":\"bariga-snacks-e2d80.firebasestorage.app\"}","GCLOUD_PROJECT":"bariga-snacks-e2d80","EVENTARC_CLOUD_EVENT_SOURCE":"projects/bariga-snacks-e2d80/locations/us-central1/services/checkUserPassword","FUNCTION_TARGET":"checkUserPassword","LOG_EXECUTION_ID":"true"},"ingressSettings":"ALLOW_ALL","serviceAccountEmail":"437211006119-compute@developer.gserviceaccount.com","availableMemory":"256Mi","maxInstanceRequestConcurrency":80,"availableCpu":"1"},"labels":{"deployment-tool":"cli-firebase","deployment-callable":"true","firebase-functions-hash":"86435f742b41772be44a21cb602e0df7818f315e"},"environment":"GEN_2"},"stages":[{"name":"BUILD","message":"Build in progress","state":"IN_PROGRESS","resource":"projects/437211006119/locations/us-central1/builds/6ee81848-77ad-4c87-818e-d88603d4c3bb","resourceUri":"https://console.cloud.google.com/cloud-build/builds;region=us-central1/6ee81848-77ad-4c87-818e-d88603d4c3bb?project=437211006119"},{"name":"SERVICE","state":"NOT_STARTED"}],"operationType":"CREATE_FUNCTION","buildName":"projects/437211006119/locations/us-central1/builds/6ee81848-77ad-4c87-818e-d88603d4c3bb"},"done":false}
[debug] [2025-09-17T17:34:11.436Z] [create-default-us-central1-checkUserPassword] Retrying task index 0
[debug] [2025-09-17T17:34:11.436Z] Checked if tokens are valid: true, expires at: 1758133636124
[debug] [2025-09-17T17:34:11.436Z] Checked if tokens are valid: true, expires at: 1758133636124
[debug] [2025-09-17T17:34:11.436Z] >>> [apiv2][query] GET https://cloudfunctions.googleapis.com/v2/projects/bariga-snacks-e2d80/locations/us-central1/operations/operation-1758130362146-63f029fb46086-2fc1cb74-c1ae3113 [none]
[debug] [2025-09-17T17:34:11.753Z] <<< [apiv2][status] GET https://cloudfunctions.googleapis.com/v2/projects/bariga-snacks-e2d80/locations/us-central1/operations/operation-1758130362146-63f029fb46086-2fc1cb74-c1ae3113 200
[debug] [2025-09-17T17:34:11.753Z] <<< [apiv2][body] GET https://cloudfunctions.googleapis.com/v2/projects/bariga-snacks-e2d80/locations/us-central1/operations/operation-1758130362146-63f029fb46086-2fc1cb74-c1ae3113 {"name":"projects/bariga-snacks-e2d80/locations/us-central1/operations/operation-1758130362146-63f029fb46086-2fc1cb74-c1ae3113","metadata":{"@type":"type.googleapis.com/google.cloud.functions.v2.OperationMetadata","createTime":"2025-09-17T17:32:43.305867519Z","target":"projects/bariga-snacks-e2d80/locations/us-central1/functions/checkUserPassword","verb":"create","cancelRequested":false,"apiVersion":"v2","requestResource":{"@type":"type.googleapis.com/google.cloud.functions.v2.Function","name":"projects/bariga-snacks-e2d80/locations/us-central1/functions/checkUserPassword","buildConfig":{"runtime":"nodejs22","entryPoint":"checkUserPassword","source":{"storageSource":{"bucket":"gcf-v2-sources-437211006119-us-central1","object":"checkUserPassword/function-source.zip","generation":"1758130362985591"}},"environmentVariables":{"GOOGLE_NODE_RUN_SCRIPTS":""},"serviceAccount":"projects/bariga-snacks-e2d80/serviceAccounts/437211006119-compute@developer.gserviceaccount.com","automaticUpdatePolicy":{}},"serviceConfig":{"service":"projects/bariga-snacks-e2d80/locations/us-central1/services/checkuserpassword","timeoutSeconds":60,"environmentVariables":{"FIREBASE_CONFIG":"{\"projectId\":\"bariga-snacks-e2d80\",\"storageBucket\":\"bariga-snacks-e2d80.firebasestorage.app\"}","GCLOUD_PROJECT":"bariga-snacks-e2d80","EVENTARC_CLOUD_EVENT_SOURCE":"projects/bariga-snacks-e2d80/locations/us-central1/services/checkUserPassword","FUNCTION_TARGET":"checkUserPassword","LOG_EXECUTION_ID":"true"},"ingressSettings":"ALLOW_ALL","serviceAccountEmail":"437211006119-compute@developer.gserviceaccount.com","availableMemory":"256Mi","maxInstanceRequestConcurrency":80,"availableCpu":"1"},"labels":{"deployment-tool":"cli-firebase","deployment-callable":"true","firebase-functions-hash":"86435f742b41772be44a21cb602e0df7818f315e"},"environment":"GEN_2"},"stages":[{"name":"BUILD","message":"Build in progress","state":"IN_PROGRESS","resource":"projects/437211006119/locations/us-central1/builds/6ee81848-77ad-4c87-818e-d88603d4c3bb","resourceUri":"https://console.cloud.google.com/cloud-build/builds;region=us-central1/6ee81848-77ad-4c87-818e-d88603d4c3bb?project=437211006119"},{"name":"SERVICE","state":"NOT_STARTED"}],"operationType":"CREATE_FUNCTION","buildName":"projects/437211006119/locations/us-central1/builds/6ee81848-77ad-4c87-818e-d88603d4c3bb"},"done":false}
[debug] [2025-09-17T17:34:21.766Z] [create-default-us-central1-checkUserPassword] Retrying task index 0
[debug] [2025-09-17T17:34:21.766Z] Checked if tokens are valid: true, expires at: 1758133636124
[debug] [2025-09-17T17:34:21.766Z] Checked if tokens are valid: true, expires at: 1758133636124
[debug] [2025-09-17T17:34:21.766Z] >>> [apiv2][query] GET https://cloudfunctions.googleapis.com/v2/projects/bariga-snacks-e2d80/locations/us-central1/operations/operation-1758130362146-63f029fb46086-2fc1cb74-c1ae3113 [none]
[debug] [2025-09-17T17:34:22.003Z] <<< [apiv2][status] GET https://cloudfunctions.googleapis.com/v2/projects/bariga-snacks-e2d80/locations/us-central1/operations/operation-1758130362146-63f029fb46086-2fc1cb74-c1ae3113 200
[debug] [2025-09-17T17:34:22.003Z] <<< [apiv2][body] GET https://cloudfunctions.googleapis.com/v2/projects/bariga-snacks-e2d80/locations/us-central1/operations/operation-1758130362146-63f029fb46086-2fc1cb74-c1ae3113 {"name":"projects/bariga-snacks-e2d80/locations/us-central1/operations/operation-1758130362146-63f029fb46086-2fc1cb74-c1ae3113","metadata":{"@type":"type.googleapis.com/google.cloud.functions.v2.OperationMetadata","createTime":"2025-09-17T17:32:43.305867519Z","target":"projects/bariga-snacks-e2d80/locations/us-central1/functions/checkUserPassword","verb":"create","cancelRequested":false,"apiVersion":"v2","requestResource":{"@type":"type.googleapis.com/google.cloud.functions.v2.Function","name":"projects/bariga-snacks-e2d80/locations/us-central1/functions/checkUserPassword","buildConfig":{"runtime":"nodejs22","entryPoint":"checkUserPassword","source":{"storageSource":{"bucket":"gcf-v2-sources-437211006119-us-central1","object":"checkUserPassword/function-source.zip","generation":"1758130362985591"}},"environmentVariables":{"GOOGLE_NODE_RUN_SCRIPTS":""},"serviceAccount":"projects/bariga-snacks-e2d80/serviceAccounts/437211006119-compute@developer.gserviceaccount.com","automaticUpdatePolicy":{}},"serviceConfig":{"service":"projects/bariga-snacks-e2d80/locations/us-central1/services/checkuserpassword","timeoutSeconds":60,"environmentVariables":{"FIREBASE_CONFIG":"{\"projectId\":\"bariga-snacks-e2d80\",\"storageBucket\":\"bariga-snacks-e2d80.firebasestorage.app\"}","GCLOUD_PROJECT":"bariga-snacks-e2d80","EVENTARC_CLOUD_EVENT_SOURCE":"projects/bariga-snacks-e2d80/locations/us-central1/services/checkUserPassword","FUNCTION_TARGET":"checkUserPassword","LOG_EXECUTION_ID":"true"},"ingressSettings":"ALLOW_ALL","serviceAccountEmail":"437211006119-compute@developer.gserviceaccount.com","availableMemory":"256Mi","maxInstanceRequestConcurrency":80,"availableCpu":"1"},"labels":{"deployment-tool":"cli-firebase","deployment-callable":"true","firebase-functions-hash":"86435f742b41772be44a21cb602e0df7818f315e"},"environment":"GEN_2"},"stages":[{"name":"BUILD","message":"Build in progress","state":"IN_PROGRESS","resource":"projects/437211006119/locations/us-central1/builds/6ee81848-77ad-4c87-818e-d88603d4c3bb","resourceUri":"https://console.cloud.google.com/cloud-build/builds;region=us-central1/6ee81848-77ad-4c87-818e-d88603d4c3bb?project=437211006119"},{"name":"SERVICE","state":"NOT_STARTED"}],"operationType":"CREATE_FUNCTION","buildName":"projects/437211006119/locations/us-central1/builds/6ee81848-77ad-4c87-818e-d88603d4c3bb"},"done":false}
[debug] [2025-09-17T17:34:32.010Z] [create-default-us-central1-checkUserPassword] Retrying task index 0
[debug] [2025-09-17T17:34:32.010Z] Checked if tokens are valid: true, expires at: 1758133636124
[debug] [2025-09-17T17:34:32.010Z] Checked if tokens are valid: true, expires at: 1758133636124
[debug] [2025-09-17T17:34:32.010Z] >>> [apiv2][query] GET https://cloudfunctions.googleapis.com/v2/projects/bariga-snacks-e2d80/locations/us-central1/operations/operation-1758130362146-63f029fb46086-2fc1cb74-c1ae3113 [none]
[debug] [2025-09-17T17:34:32.269Z] <<< [apiv2][status] GET https://cloudfunctions.googleapis.com/v2/projects/bariga-snacks-e2d80/locations/us-central1/operations/operation-1758130362146-63f029fb46086-2fc1cb74-c1ae3113 200
[debug] [2025-09-17T17:34:32.269Z] <<< [apiv2][body] GET https://cloudfunctions.googleapis.com/v2/projects/bariga-snacks-e2d80/locations/us-central1/operations/operation-1758130362146-63f029fb46086-2fc1cb74-c1ae3113 {"name":"projects/bariga-snacks-e2d80/locations/us-central1/operations/operation-1758130362146-63f029fb46086-2fc1cb74-c1ae3113","metadata":{"@type":"type.googleapis.com/google.cloud.functions.v2.OperationMetadata","createTime":"2025-09-17T17:32:43.305867519Z","target":"projects/bariga-snacks-e2d80/locations/us-central1/functions/checkUserPassword","verb":"create","cancelRequested":false,"apiVersion":"v2","requestResource":{"@type":"type.googleapis.com/google.cloud.functions.v2.Function","name":"projects/bariga-snacks-e2d80/locations/us-central1/functions/checkUserPassword","buildConfig":{"runtime":"nodejs22","entryPoint":"checkUserPassword","source":{"storageSource":{"bucket":"gcf-v2-sources-437211006119-us-central1","object":"checkUserPassword/function-source.zip","generation":"1758130362985591"}},"environmentVariables":{"GOOGLE_NODE_RUN_SCRIPTS":""},"serviceAccount":"projects/bariga-snacks-e2d80/serviceAccounts/437211006119-compute@developer.gserviceaccount.com","automaticUpdatePolicy":{}},"serviceConfig":{"service":"projects/bariga-snacks-e2d80/locations/us-central1/services/checkuserpassword","timeoutSeconds":60,"environmentVariables":{"FIREBASE_CONFIG":"{\"projectId\":\"bariga-snacks-e2d80\",\"storageBucket\":\"bariga-snacks-e2d80.firebasestorage.app\"}","GCLOUD_PROJECT":"bariga-snacks-e2d80","EVENTARC_CLOUD_EVENT_SOURCE":"projects/bariga-snacks-e2d80/locations/us-central1/services/checkUserPassword","FUNCTION_TARGET":"checkUserPassword","LOG_EXECUTION_ID":"true"},"ingressSettings":"ALLOW_ALL","serviceAccountEmail":"437211006119-compute@developer.gserviceaccount.com","availableMemory":"256Mi","maxInstanceRequestConcurrency":80,"availableCpu":"1"},"labels":{"deployment-tool":"cli-firebase","deployment-callable":"true","firebase-functions-hash":"86435f742b41772be44a21cb602e0df7818f315e"},"environment":"GEN_2"},"stages":[{"name":"ARTIFACT_REGISTRY","state":"NOT_STARTED"},{"name":"SERVICE","message":"Deleting Cloud Run service","state":"IN_PROGRESS","resource":"projects/bariga-snacks-e2d80/locations/us-central1/services/checkuserpassword"}],"operationType":"CREATE_FUNCTION"},"done":false}
[debug] [2025-09-17T17:34:42.274Z] [create-default-us-central1-checkUserPassword] Retrying task index 0
[debug] [2025-09-17T17:34:42.274Z] Checked if tokens are valid: true, expires at: 1758133636124
[debug] [2025-09-17T17:34:42.274Z] Checked if tokens are valid: true, expires at: 1758133636124
[debug] [2025-09-17T17:34:42.274Z] >>> [apiv2][query] GET https://cloudfunctions.googleapis.com/v2/projects/bariga-snacks-e2d80/locations/us-central1/operations/operation-1758130362146-63f029fb46086-2fc1cb74-c1ae3113 [none]
[debug] [2025-09-17T17:34:42.542Z] <<< [apiv2][status] GET https://cloudfunctions.googleapis.com/v2/projects/bariga-snacks-e2d80/locations/us-central1/operations/operation-1758130362146-63f029fb46086-2fc1cb74-c1ae3113 200
[debug] [2025-09-17T17:34:42.542Z] <<< [apiv2][body] GET https://cloudfunctions.googleapis.com/v2/projects/bariga-snacks-e2d80/locations/us-central1/operations/operation-1758130362146-63f029fb46086-2fc1cb74-c1ae3113 {"name":"projects/bariga-snacks-e2d80/locations/us-central1/operations/operation-1758130362146-63f029fb46086-2fc1cb74-c1ae3113","metadata":{"@type":"type.googleapis.com/google.cloud.functions.v2.OperationMetadata","createTime":"2025-09-17T17:32:43.305867519Z","endTime":"2025-09-17T17:34:33.881295721Z","target":"projects/bariga-snacks-e2d80/locations/us-central1/functions/checkUserPassword","verb":"create","cancelRequested":false,"apiVersion":"v2","requestResource":{"@type":"type.googleapis.com/google.cloud.functions.v2.Function","name":"projects/bariga-snacks-e2d80/locations/us-central1/functions/checkUserPassword","buildConfig":{"runtime":"nodejs22","entryPoint":"checkUserPassword","source":{"storageSource":{"bucket":"gcf-v2-sources-437211006119-us-central1","object":"checkUserPassword/function-source.zip","generation":"1758130362985591"}},"environmentVariables":{"GOOGLE_NODE_RUN_SCRIPTS":""},"serviceAccount":"projects/bariga-snacks-e2d80/serviceAccounts/437211006119-compute@developer.gserviceaccount.com","automaticUpdatePolicy":{}},"serviceConfig":{"service":"projects/bariga-snacks-e2d80/locations/us-central1/services/checkuserpassword","timeoutSeconds":60,"environmentVariables":{"FIREBASE_CONFIG":"{\"projectId\":\"bariga-snacks-e2d80\",\"storageBucket\":\"bariga-snacks-e2d80.firebasestorage.app\"}","GCLOUD_PROJECT":"bariga-snacks-e2d80","EVENTARC_CLOUD_EVENT_SOURCE":"projects/bariga-snacks-e2d80/locations/us-central1/services/checkUserPassword","FUNCTION_TARGET":"checkUserPassword","LOG_EXECUTION_ID":"true"},"ingressSettings":"ALLOW_ALL","serviceAccountEmail":"437211006119-compute@developer.gserviceaccount.com","availableMemory":"256Mi","maxInstanceRequestConcurrency":80,"availableCpu":"1"},"labels":{"deployment-tool":"cli-firebase","deployment-callable":"true","firebase-functions-hash":"86435f742b41772be44a21cb602e0df7818f315e"},"environment":"GEN_2"},"stages":[{"name":"ARTIFACT_REGISTRY","message":"Deleting function artifacts in Artifact Registry","state":"COMPLETE"},{"name":"SERVICE","message":"Deleting Cloud Run service","state":"COMPLETE","resource":"projects/bariga-snacks-e2d80/locations/us-central1/services/checkuserpassword"}],"operationType":"CREATE_FUNCTION"},"done":true,"error":{"code":3,"message":"Could not create or update Cloud Run service checkuserpassword, Container Healthcheck failed. Revision 'checkuserpassword-00001-pez' is not ready and cannot serve traffic. The user-provided container failed to start and listen on the port defined provided by the PORT=8080 environment variable within the allocated timeout. This can happen when the container port is misconfigured or if the timeout is too short. The health check timeout can be extended. Logs for this revision might contain more information.\n\nLogs URL: https://console.cloud.google.com/logs/viewer?project=bariga-snacks-e2d80&resource=cloud_run_revision/service_name/checkuserpassword/revision_name/checkuserpassword-00001-pez&advancedFilter=resource.type%3D%22cloud_run_revision%22%0Aresource.labels.service_name%3D%22checkuserpassword%22%0Aresource.labels.revision_name%3D%22checkuserpassword-00001-pez%22 \nFor more troubleshooting guidance, see https://cloud.google.com/run/docs/troubleshooting#container-failed-to-start"}}
[debug] [2025-09-17T17:34:42.542Z] Got source token undefined for region us-central1
[error] Could not create or update Cloud Run service checkuserpassword, Container Healthcheck failed. Revision 'checkuserpassword-00001-pez' is not ready and cannot serve traffic. The user-provided container failed to start and listen on the port defined provided by the PORT=8080 environment variable within the allocated timeout. This can happen when the container port is misconfigured or if the timeout is too short. The health check timeout can be extended. Logs for this revision might contain more information.

Logs URL: https://console.cloud.google.com/logs/viewer?project=bariga-snacks-e2d80&resource=cloud_run_revision/service_name/checkuserpassword/revision_name/checkuserpassword-00001-pez&advancedFilter=resource.type%3D%22cloud_run_revision%22%0Aresource.labels.service_name%3D%22checkuserpassword%22%0Aresource.labels.revision_name%3D%22checkuserpassword-00001-pez%22 
For more troubleshooting guidance, see https://cloud.google.com/run/docs/troubleshooting#container-failed-to-start
[debug] [2025-09-17T17:34:42.544Z] Total Function Deployment time: 121033
[debug] [2025-09-17T17:34:42.544Z] 1 Functions Deployed
[debug] [2025-09-17T17:34:42.544Z] 1 Functions Errored
[debug] [2025-09-17T17:34:42.544Z] 0 Function Deployments Aborted
[debug] [2025-09-17T17:34:42.544Z] Average Function Deployment time: 121033
[info] 
[info] Functions deploy had errors with the following functions:
	checkUserPassword(us-central1)
[debug] [2025-09-17T17:34:42.545Z] Checked if tokens are valid: true, expires at: 1758133636124
[debug] [2025-09-17T17:34:42.545Z] Checked if tokens are valid: true, expires at: 1758133636124
[debug] [2025-09-17T17:34:42.545Z] >>> [apiv2][query] GET https://artifactregistry.googleapis.com/v1/projects/bariga-snacks-e2d80/locations/us-central1/repositories/gcf-artifacts [none]
[debug] [2025-09-17T17:34:42.856Z] <<< [apiv2][status] GET https://artifactregistry.googleapis.com/v1/projects/bariga-snacks-e2d80/locations/us-central1/repositories/gcf-artifacts 200
[debug] [2025-09-17T17:34:42.856Z] <<< [apiv2][body] GET https://artifactregistry.googleapis.com/v1/projects/bariga-snacks-e2d80/locations/us-central1/repositories/gcf-artifacts {"name":"projects/bariga-snacks-e2d80/locations/us-central1/repositories/gcf-artifacts","format":"DOCKER","description":"This repository is created and used by Cloud Functions for storing function docker images.","labels":{"goog-managed-by":"cloudfunctions"},"createTime":"2025-09-17T17:32:51.917388Z","updateTime":"2025-09-17T17:34:33.712855Z","mode":"STANDARD_REPOSITORY","sizeBytes":"95988566","vulnerabilityScanningConfig":{"lastEnableTime":"2025-09-17T17:32:43.478660677Z","enablementState":"SCANNING_DISABLED","enablementStateReason":"API containerscanning.googleapis.com is not enabled."},"satisfiesPzi":true,"registryUri":"us-central1-docker.pkg.dev/bariga-snacks-e2d80/gcf-artifacts"}
[warn] !  functions: No cleanup policy detected for repositories in us-central1. This may result in a small monthly bill as container images accumulate over time. 
